Archive member included to satisfy reference by file (symbol)

g:/research/sw4stm32/plugins/fr.ac6.mcu.externaltools.arm-none.win32_1.17.0.201812190825/tools/compiler/bin/../lib/gcc/arm-none-eabi/7.3.1/thumb/v7e-m/fpv4-sp/hard\libgcc.a(_arm_addsubdf3.o)
                              Core/Src/VL53L0X.o (__aeabi_f2d)
g:/research/sw4stm32/plugins/fr.ac6.mcu.externaltools.arm-none.win32_1.17.0.201812190825/tools/compiler/bin/../lib/gcc/arm-none-eabi/7.3.1/thumb/v7e-m/fpv4-sp/hard\libgcc.a(_arm_cmpdf2.o)
                              Core/Src/VL53L0X.o (__aeabi_dcmpgt)
g:/research/sw4stm32/plugins/fr.ac6.mcu.externaltools.arm-none.win32_1.17.0.201812190825/tools/compiler/bin/../lib/gcc/arm-none-eabi/7.3.1/thumb/v7e-m/fpv4-sp/hard\libgcc.a(_aeabi_uldivmod.o)
                              Drivers/STM32F4xx_HAL_Driver/Src/stm32f4xx_hal_rcc.o (__aeabi_uldivmod)
g:/research/sw4stm32/plugins/fr.ac6.mcu.externaltools.arm-none.win32_1.17.0.201812190825/tools/compiler/bin/../lib/gcc/arm-none-eabi/7.3.1/thumb/v7e-m/fpv4-sp/hard\libgcc.a(_udivmoddi4.o)
                              g:/research/sw4stm32/plugins/fr.ac6.mcu.externaltools.arm-none.win32_1.17.0.201812190825/tools/compiler/bin/../lib/gcc/arm-none-eabi/7.3.1/thumb/v7e-m/fpv4-sp/hard\libgcc.a(_aeabi_uldivmod.o) (__udivmoddi4)
g:/research/sw4stm32/plugins/fr.ac6.mcu.externaltools.arm-none.win32_1.17.0.201812190825/tools/compiler/bin/../lib/gcc/arm-none-eabi/7.3.1/thumb/v7e-m/fpv4-sp/hard\libgcc.a(_dvmd_tls.o)
                              g:/research/sw4stm32/plugins/fr.ac6.mcu.externaltools.arm-none.win32_1.17.0.201812190825/tools/compiler/bin/../lib/gcc/arm-none-eabi/7.3.1/thumb/v7e-m/fpv4-sp/hard\libgcc.a(_aeabi_uldivmod.o) (__aeabi_ldiv0)
g:/research/sw4stm32/plugins/fr.ac6.mcu.externaltools.arm-none.win32_1.17.0.201812190825/tools/compiler/bin/../lib/gcc/arm-none-eabi/7.3.1/../../../../arm-none-eabi/lib/thumb/v7e-m/fpv4-sp/hard\libc_nano.a(lib_a-errno.o)
                              Core/Src/syscalls.o (__errno)
g:/research/sw4stm32/plugins/fr.ac6.mcu.externaltools.arm-none.win32_1.17.0.201812190825/tools/compiler/bin/../lib/gcc/arm-none-eabi/7.3.1/../../../../arm-none-eabi/lib/thumb/v7e-m/fpv4-sp/hard\libc_nano.a(lib_a-exit.o)
                              g:/research/sw4stm32/plugins/fr.ac6.mcu.externaltools.arm-none.win32_1.17.0.201812190825/tools/compiler/bin/../lib/gcc/arm-none-eabi/7.3.1/../../../../arm-none-eabi/lib/thumb/v7e-m/fpv4-sp/hard/crt0.o (exit)
g:/research/sw4stm32/plugins/fr.ac6.mcu.externaltools.arm-none.win32_1.17.0.201812190825/tools/compiler/bin/../lib/gcc/arm-none-eabi/7.3.1/../../../../arm-none-eabi/lib/thumb/v7e-m/fpv4-sp/hard\libc_nano.a(lib_a-impure.o)
                              g:/research/sw4stm32/plugins/fr.ac6.mcu.externaltools.arm-none.win32_1.17.0.201812190825/tools/compiler/bin/../lib/gcc/arm-none-eabi/7.3.1/../../../../arm-none-eabi/lib/thumb/v7e-m/fpv4-sp/hard\libc_nano.a(lib_a-exit.o) (_global_impure_ptr)
g:/research/sw4stm32/plugins/fr.ac6.mcu.externaltools.arm-none.win32_1.17.0.201812190825/tools/compiler/bin/../lib/gcc/arm-none-eabi/7.3.1/../../../../arm-none-eabi/lib/thumb/v7e-m/fpv4-sp/hard\libc_nano.a(lib_a-init.o)
                              g:/research/sw4stm32/plugins/fr.ac6.mcu.externaltools.arm-none.win32_1.17.0.201812190825/tools/compiler/bin/../lib/gcc/arm-none-eabi/7.3.1/../../../../arm-none-eabi/lib/thumb/v7e-m/fpv4-sp/hard/crt0.o (__libc_init_array)
g:/research/sw4stm32/plugins/fr.ac6.mcu.externaltools.arm-none.win32_1.17.0.201812190825/tools/compiler/bin/../lib/gcc/arm-none-eabi/7.3.1/../../../../arm-none-eabi/lib/thumb/v7e-m/fpv4-sp/hard\libc_nano.a(lib_a-malloc.o)
                              Middlewares/ST/STM32_USB_Host_Library/Class/CDC/Src/usbh_cdc.o (malloc)
g:/research/sw4stm32/plugins/fr.ac6.mcu.externaltools.arm-none.win32_1.17.0.201812190825/tools/compiler/bin/../lib/gcc/arm-none-eabi/7.3.1/../../../../arm-none-eabi/lib/thumb/v7e-m/fpv4-sp/hard\libc_nano.a(lib_a-memset.o)
                              g:/research/sw4stm32/plugins/fr.ac6.mcu.externaltools.arm-none.win32_1.17.0.201812190825/tools/compiler/bin/../lib/gcc/arm-none-eabi/7.3.1/../../../../arm-none-eabi/lib/thumb/v7e-m/fpv4-sp/hard/crt0.o (memset)
g:/research/sw4stm32/plugins/fr.ac6.mcu.externaltools.arm-none.win32_1.17.0.201812190825/tools/compiler/bin/../lib/gcc/arm-none-eabi/7.3.1/../../../../arm-none-eabi/lib/thumb/v7e-m/fpv4-sp/hard\libc_nano.a(lib_a-nano-freer.o)
                              g:/research/sw4stm32/plugins/fr.ac6.mcu.externaltools.arm-none.win32_1.17.0.201812190825/tools/compiler/bin/../lib/gcc/arm-none-eabi/7.3.1/../../../../arm-none-eabi/lib/thumb/v7e-m/fpv4-sp/hard\libc_nano.a(lib_a-malloc.o) (_free_r)
g:/research/sw4stm32/plugins/fr.ac6.mcu.externaltools.arm-none.win32_1.17.0.201812190825/tools/compiler/bin/../lib/gcc/arm-none-eabi/7.3.1/../../../../arm-none-eabi/lib/thumb/v7e-m/fpv4-sp/hard\libc_nano.a(lib_a-nano-mallocr.o)
[...]
Memory Configuration

Name             Origin             Length             Attributes
RAM              0x20000000         0x00020000         xrw
CCMRAM           0x10000000         0x00010000         xrw
FLASH            0x08000000         0x00100000         xr
*default*        0x00000000         0xffffffff

Linker script and memory map

LOAD g:/research/sw4stm32/plugins/fr.ac6.mcu.externaltools.arm-none.win32_1.17.0.201812190825/tools/compiler/bin/../lib/gcc/arm-none-eabi/7.3.1/thumb/v7e-m/fpv4-sp/hard/crti.o
LOAD g:/research/sw4stm32/plugins/fr.ac6.mcu.externaltools.arm-none.win32_1.17.0.201812190825/tools/compiler/bin/../lib/gcc/arm-none-eabi/7.3.1/thumb/v7e-m/fpv4-sp/hard/crtbegin.o
LOAD g:/research/sw4stm32/plugins/fr.ac6.mcu.externaltools.arm-none.win32_1.17.0.201812190825/tools/compiler/bin/../lib/gcc/arm-none-eabi/7.3.1/../../../../arm-none-eabi/lib/thumb/v7e-m/fpv4-sp/hard/crt0.o
LOAD Core/Src/VL53L0X.o
LOAD Core/Src/i2c.o
LOAD Core/Src/main.o
LOAD Core/Src/stm32f4xx_hal_msp.o
LOAD Core/Src/stm32f4xx_it.o
LOAD Core/Src/syscalls.o
LOAD Core/Src/system_stm32f4xx.o
LOAD Drivers/STM32F4xx_HAL_Driver/Src/stm32f4xx_hal.o
LOAD Drivers/STM32F4xx_HAL_Driver/Src/stm32f4xx_hal_cortex.o
LOAD Drivers/STM32F4xx_HAL_Driver/Src/stm32f4xx_hal_dma.o
LOAD Drivers/STM32F4xx_HAL_Driver/Src/stm32f4xx_hal_dma_ex.o
LOAD Drivers/STM32F4xx_HAL_Driver/Src/stm32f4xx_hal_exti.o
LOAD Drivers/STM32F4xx_HAL_Driver/Src/stm32f4xx_hal_flash.o
LOAD Drivers/STM32F4xx_HAL_Driver/Src/stm32f4xx_hal_flash_ex.o
LOAD Drivers/STM32F4xx_HAL_Driver/Src/stm32f4xx_hal_flash_ramfunc.o
LOAD Drivers/STM32F4xx_HAL_Driver/Src/stm32f4xx_hal_gpio.o
LOAD Drivers/STM32F4xx_HAL_Driver/Src/stm32f4xx_hal_hcd.o
LOAD Drivers/STM32F4xx_HAL_Driver/Src/stm32f4xx_hal_i2c.o
LOAD Drivers/STM32F4xx_HAL_Driver/Src/stm32f4xx_hal_i2c_ex.o
LOAD Drivers/STM32F4xx_HAL_Driver/Src/stm32f4xx_hal_i2s.o
LOAD Drivers/STM32F4xx_HAL_Driver/Src/stm32f4xx_hal_i2s_ex.o
LOAD Drivers/STM32F4xx_HAL_Driver/Src/stm32f4xx_hal_pwr.o
LOAD Drivers/STM32F4xx_HAL_Driver/Src/stm32f4xx_hal_pwr_ex.o
LOAD Drivers/STM32F4xx_HAL_Driver/Src/stm32f4xx_hal_rcc.o
LOAD Drivers/STM32F4xx_HAL_Driver/Src/stm32f4xx_hal_rcc_ex.o
LOAD Drivers/STM32F4xx_HAL_Driver/Src/stm32f4xx_hal_spi.o
LOAD Drivers/STM32F4xx_HAL_Driver/Src/stm32f4xx_hal_tim.o
LOAD Drivers/STM32F4xx_HAL_Driver/Src/stm32f4xx_hal_tim_ex.o
LOAD Drivers/STM32F4xx_HAL_Driver/Src/stm32f4xx_hal_uart.o
LOAD Drivers/STM32F4xx_HAL_Driver/Src/stm32f4xx_ll_usb.o
LOAD Middlewares/ST/STM32_USB_Host_Library/Class/CDC/Src/usbh_cdc.o
LOAD Middlewares/ST/STM32_USB_Host_Library/Core/Src/usbh_core.o
LOAD Middlewares/ST/STM32_USB_Host_Library/Core/Src/usbh_ctlreq.o
LOAD Middlewares/ST/STM32_USB_Host_Library/Core/Src/usbh_ioreq.o
LOAD Middlewares/ST/STM32_USB_Host_Library/Core/Src/usbh_pipes.o
LOAD USB_HOST/App/usb_host.o
LOAD USB_HOST/Target/usbh_conf.o
LOAD USB_HOST/Target/usbh_platform.o
LOAD startup/startup_stm32f407xx.o
LOAD g:/research/sw4stm32/plugins/fr.ac6.mcu.externaltools.arm-none.win32_1.17.0.201812190825/tools/compiler/bin/../lib/gcc/arm-none-eabi/7.3.1/../../../../arm-none-eabi/lib/thumb/v7e-m/fpv4-sp/hard\libm.a
START GROUP
LOAD g:/research/sw4stm32/plugins/fr.ac6.mcu.externaltools.arm-none.win32_1.17.0.201812190825/tools/compiler/bin/../lib/gcc/arm-none-eabi/7.3.1/thumb/v7e-m/fpv4-sp/hard\libgcc.a
LOAD g:/research/sw4stm32/plugins/fr.ac6.mcu.externaltools.arm-none.win32_1.17.0.201812190825/tools/compiler/bin/../lib/gcc/arm-none-eabi/7.3.1/../../../../arm-none-eabi/lib/thumb/v7e-m/fpv4-sp/hard\libc_nano.a
END GROUP
START GROUP
LOAD g:/research/sw4stm32/plugins/fr.ac6.mcu.externaltools.arm-none.win32_1.17.0.201812190825/tools/compiler/bin/../lib/gcc/arm-none-eabi/7.3.1/thumb/v7e-m/fpv4-sp/hard\libgcc.a
LOAD g:/research/sw4stm32/plugins/fr.ac6.mcu.externaltools.arm-none.win32_1.17.0.201812190825/tools/compiler/bin/../lib/gcc/arm-none-eabi/7.3.1/../../../../arm-none-eabi/lib/thumb/v7e-m/fpv4-sp/hard\libc_nano.a
LOAD g:/research/sw4stm32/plugins/fr.ac6.mcu.externaltools.arm-none.win32_1.17.0.201812190825/tools/compiler/bin/../lib/gcc/arm-none-eabi/7.3.1/../../../../arm-none-eabi/lib/thumb/v7e-m/fpv4-sp/hard\libnosys.a
END GROUP
START GROUP
LOAD g:/research/sw4stm32/plugins/fr.ac6.mcu.externaltools.arm-none.win32_1.17.0.201812190825/tools/compiler/bin/../lib/gcc/arm-none-eabi/7.3.1/thumb/v7e-m/fpv4-sp/hard\libgcc.a
LOAD g:/research/sw4stm32/plugins/fr.ac6.mcu.externaltools.arm-none.win32_1.17.0.201812190825/tools/compiler/bin/../lib/gcc/arm-none-eabi/7.3.1/../../../../arm-none-eabi/lib/thumb/v7e-m/fpv4-sp/hard\libc_nano.a
LOAD g:/research/sw4stm32/plugins/fr.ac6.mcu.externaltools.arm-none.win32_1.17.0.201812190825/tools/compiler/bin/../lib/gcc/arm-none-eabi/7.3.1/../../../../arm-none-eabi/lib/thumb/v7e-m/fpv4-sp/hard\libnosys.a
END GROUP
LOAD g:/research/sw4stm32/plugins/fr.ac6.mcu.externaltools.arm-none.win32_1.17.0.201812190825/tools/compiler/bin/../lib/gcc/arm-none-eabi/7.3.1/thumb/v7e-m/fpv4-sp/hard/crtend.o
LOAD g:/research/sw4stm32/plugins/fr.ac6.mcu.externaltools.arm-none.win32_1.17.0.201812190825/tools/compiler/bin/../lib/gcc/arm-none-eabi/7.3.1/thumb/v7e-m/fpv4-sp/hard/crtn.o
                0x20020000                _estack = 0x20020000
                0x00000200                _Min_Heap_Size = 0x200
                0x00000400                _Min_Stack_Size = 0x400

.isr_vector     0x08000000      0x188
                0x08000000                . = ALIGN (0x4)
 *(.isr_vector)
 .isr_vector    0x08000000      0x188 startup/startup_stm32f407xx.o
                0x08000000                g_pfnVectors
                0x08000188                . = ALIGN (0x4)

.text           0x08000188     0x7f24
                0x08000188                . = ALIGN (0x4)
 *(.text)
 .text          0x08000188       0x40 g:/research/sw4stm32/plugins/fr.ac6.mcu.externaltools.arm-none.win32_1.17.0.201812190825/tools/compiler/bin/../lib/gcc/arm-none-eabi/7.3.1/thumb/v7e-m/fpv4-sp/hard/crtbegin.o
 .text          0x080001c8      0x378 g:/research/sw4stm32/plugins/fr.ac6.mcu.externaltools.arm-none.win32_1.17.0.201812190825/tools/compiler/bin/../lib/gcc/arm-none-eabi/7.3.1/thumb/v7e-m/fpv4-sp/hard\libgcc.a(_arm_addsubdf3.o)
                0x080001c8                __aeabi_drsub
                0x080001d0                __aeabi_dsub
                0x080001d0                __subdf3
                0x080001d4                __aeabi_dadd
                0x080001d4                __adddf3
                0x0800044c                __floatunsidf
                0x0800044c                __aeabi_ui2d
                0x0800046c                __floatsidf
                0x0800046c                __aeabi_i2d
                0x08000490                __aeabi_f2d
                0x08000490                __extendsfdf2
                0x080004d4                __floatundidf
                0x080004d4                __aeabi_ul2d
                0x080004e4                __floatdidf
                0x080004e4                __aeabi_l2d
 .text          0x08000540      0x110 g:/research/sw4stm32/plugins/fr.ac6.mcu.externaltools.arm-none.win32_1.17.0.201812190825/tools/compiler/bin/../lib/gcc/arm-none-eabi/7.3.1/thumb/v7e-m/fpv4-sp/hard\libgcc.a(_arm_cmpdf2.o)
                0x08000540                __gtdf2
                0x08000540                __gedf2
                0x08000548                __ltdf2
                0x08000548                __ledf2
                0x08000550                __nedf2
                0x08000550                __eqdf2
                0x08000550                __cmpdf2
                0x080005cc                __aeabi_cdrcmple
                0x080005dc                __aeabi_cdcmpeq
                0x080005dc                __aeabi_cdcmple
                0x080005ec                __aeabi_dcmpeq
                0x08000600                __aeabi_dcmplt
                0x08000614                __aeabi_dcmple
                0x08000628                __aeabi_dcmpge
                0x0800063c                __aeabi_dcmpgt
 .text          0x08000650       0x30 g:/research/sw4stm32/plugins/fr.ac6.mcu.externaltools.arm-none.win32_1.17.0.201812190825/tools/compiler/bin/../lib/gcc/arm-none-eabi/7.3.1/thumb/v7e-m/fpv4-sp/hard\libgcc.a(_aeabi_uldivmod.o)
                0x08000650                __aeabi_uldivmod
 .text          0x08000680      0x2cc g:/research/sw4stm32/plugins/fr.ac6.mcu.externaltools.arm-none.win32_1.17.0.201812190825/tools/compiler/bin/../lib/gcc/arm-none-eabi/7.3.1/thumb/v7e-m/fpv4-sp/hard\libgcc.a(_udivmoddi4.o)
                0x08000680                __udivmoddi4
 .text          0x0800094c        0x4 g:/research/sw4stm32/plugins/fr.ac6.mcu.externaltools.arm-none.win32_1.17.0.201812190825/tools/compiler/bin/../lib/gcc/arm-none-eabi/7.3.1/thumb/v7e-m/fpv4-sp/hard\libgcc.a(_dvmd_tls.o)
                0x0800094c                __aeabi_idiv0
                0x0800094c                __aeabi_ldiv0
 *(.text*)
 .text.VL53L0X_writeReg
                0x08000950       0x1e Core/Src/VL53L0X.o
                0x08000950                VL53L0X_writeReg
 .text.VL53L0X_writeReg16Bit
                0x0800096e       0x24 Core/Src/VL53L0X.o
                0x0800096e                VL53L0X_writeReg16Bit
 .text.VL53L0X_writeReg32Bit
                0x08000992       0x34 Core/Src/VL53L0X.o
                0x08000992                VL53L0X_writeReg32Bit
 .text.VL53L0X_readReg
                0x080009c6       0x2c Core/Src/VL53L0X.o
                0x080009c6                VL53L0X_readReg
 .text.VL53L0X_readReg16Bit
                0x080009f2       0x32 Core/Src/VL53L0X.o
                0x080009f2                VL53L0X_readReg16Bit
 .text.VL53L0X_writeMulti
                0x08000a24       0x2a Core/Src/VL53L0X.o
                0x08000a24                VL53L0X_writeMulti
 .text.VL53L0X_readMulti
                0x08000a4e       0x2a Core/Src/VL53L0X.o
                0x08000a4e                VL53L0X_readMulti
 .text.VL53L0X_setSignalRateLimit
                0x08000a78       0x64 Core/Src/VL53L0X.o
                0x08000a78                VL53L0X_setSignalRateLimit
 .text.VL53L0X_getVcselPulsePeriod
                0x08000adc       0x2c Core/Src/VL53L0X.o
                0x08000adc                VL53L0X_getVcselPulsePeriod
 .text.VL53L0X_startContinuous
                0x08000b08       0x7c Core/Src/VL53L0X.o
                0x08000b08                VL53L0X_startContinuous
 .text.VL53L0X_getSequenceStepEnables
                0x08000b84       0x30 Core/Src/VL53L0X.o
                0x08000b84                VL53L0X_getSequenceStepEnables
 .text.VL53L0X_decodeTimeout
                0x08000bb4       0x10 Core/Src/VL53L0X.o
                0x08000bb4                VL53L0X_decodeTimeout
 .text.VL53L0X_encodeTimeout
                0x08000bc4       0x20 Core/Src/VL53L0X.o
                0x08000bc4                VL53L0X_encodeTimeout
 .text.VL53L0X_timeoutMclksToMicroseconds
                0x08000be4       0x28 Core/Src/VL53L0X.o
                0x08000be4                VL53L0X_timeoutMclksToMicroseconds
 .text.VL53L0X_getSequenceStepTimeouts
                0x08000c0c       0x6c Core/Src/VL53L0X.o
                0x08000c0c                VL53L0X_getSequenceStepTimeouts
 .text.VL53L0X_getMeasurementTimingBudget
                0x08000c78       0x6c Core/Src/VL53L0X.o
                0x08000c78                VL53L0X_getMeasurementTimingBudget
 .text.VL53L0X_timeoutMicrosecondsToMclks
                0x08000ce4       0x2c Core/Src/VL53L0X.o
                0x08000ce4                VL53L0X_timeoutMicrosecondsToMclks
 .text.VL53L0X_setMeasurementTimingBudget
                0x08000d10       0xa8 Core/Src/VL53L0X.o
                0x08000d10                VL53L0X_setMeasurementTimingBudget
 .text.VL53L0X_startTimeout
                0x08000db8        0xc Core/Src/VL53L0X.o
                0x08000db8                VL53L0X_startTimeout
 .text.VL53L0X_checkTimeoutExpired
                0x08000dc4       0x22 Core/Src/VL53L0X.o
                0x08000dc4                VL53L0X_checkTimeoutExpired
 .text.VL53L0X_readRangeContinuousMillimeters
                0x08000de6       0x42 Core/Src/VL53L0X.o
                0x08000de6                VL53L0X_readRangeContinuousMillimeters
 .text.VL53L0X_getSpadInfo
                0x08000e28      0x10c Core/Src/VL53L0X.o
                0x08000e28                VL53L0X_getSpadInfo
 .text.VL53L0X_performSingleRefCalibration
                0x08000f34       0x48 Core/Src/VL53L0X.o
                0x08000f34                VL53L0X_performSingleRefCalibration
 .text.VL53L0X_init
                0x08000f7c      0x4fe Core/Src/VL53L0X.o
                0x08000f7c                VL53L0X_init
 .text.VL53L0X_setVcselPulsePeriod
                0x0800147a      0x266 Core/Src/VL53L0X.o
                0x0800147a                VL53L0X_setVcselPulsePeriod
 .text.i2c_read
                0x080016e0       0x12 Core/Src/i2c.o
                0x080016e0                i2c_read
 .text.i2c_write
                0x080016f2       0x10 Core/Src/i2c.o
                0x080016f2                i2c_write
 *fill*         0x08001702        0x2 
 .text.MX_GPIO_Init
                0x08001704      0x1b8 Core/Src/main.o
 .text.MX_I2C1_Init
                0x080018bc       0x34 Core/Src/main.o
 .text.MX_I2C3_Init
                0x080018f0       0x34 Core/Src/main.o
 .text.MX_I2S3_Init
                0x08001924       0x34 Core/Src/main.o
 .text.MX_SPI1_Init
                0x08001958       0x38 Core/Src/main.o
 .text.MX_TIM3_Init
                0x08001990       0x58 Core/Src/main.o
 .text.MX_USART2_UART_Init
                0x080019e8       0x2c Core/Src/main.o
 .text.SystemClock_Config
                0x08001a14       0xb0 Core/Src/main.o
                0x08001a14                SystemClock_Config
 .text.main     0x08001ac4      0x194 Core/Src/main.o
                0x08001ac4                main
 .text.Error_Handler
                0x08001c58        0x2 Core/Src/main.o
                0x08001c58                Error_Handler
 *fill*         0x08001c5a        0x2 
 .text.HAL_MspInit
                0x08001c5c       0x40 Core/Src/stm32f4xx_hal_msp.o
                0x08001c5c                HAL_MspInit
 .text.HAL_I2C_MspInit
                0x08001c9c      0x128 Core/Src/stm32f4xx_hal_msp.o
                0x08001c9c                HAL_I2C_MspInit
 .text.HAL_I2S_MspInit
                0x08001dc4       0x98 Core/Src/stm32f4xx_hal_msp.o
                0x08001dc4                HAL_I2S_MspInit
 .text.HAL_SPI_MspInit
                0x08001e5c       0x6c Core/Src/stm32f4xx_hal_msp.o
                0x08001e5c                HAL_SPI_MspInit
 .text.HAL_TIM_Base_MspInit
                0x08001ec8       0x40 Core/Src/stm32f4xx_hal_msp.o
                0x08001ec8                HAL_TIM_Base_MspInit
 .text.HAL_UART_MspInit
                0x08001f08       0x7c Core/Src/stm32f4xx_hal_msp.o
                0x08001f08                HAL_UART_MspInit
 .text.NMI_Handler
                0x08001f84        0x2 Core/Src/stm32f4xx_it.o
                0x08001f84                NMI_Handler
 .text.HardFault_Handler
                0x08001f86        0x2 Core/Src/stm32f4xx_it.o
                0x08001f86                HardFault_Handler
 .text.MemManage_Handler
                0x08001f88        0x2 Core/Src/stm32f4xx_it.o
                0x08001f88                MemManage_Handler
 .text.BusFault_Handler
                0x08001f8a        0x2 Core/Src/stm32f4xx_it.o
                0x08001f8a                BusFault_Handler
 .text.UsageFault_Handler
                0x08001f8c        0x2 Core/Src/stm32f4xx_it.o
                0x08001f8c                UsageFault_Handler
 .text.SVC_Handler
                0x08001f8e        0x2 Core/Src/stm32f4xx_it.o
                0x08001f8e                SVC_Handler
 .text.DebugMon_Handler
                0x08001f90        0x2 Core/Src/stm32f4xx_it.o
                0x08001f90                DebugMon_Handler
 .text.PendSV_Handler
                0x08001f92        0x2 Core/Src/stm32f4xx_it.o
                0x08001f92                PendSV_Handler
 .text.SysTick_Handler
                0x08001f94        0x8 Core/Src/stm32f4xx_it.o
                0x08001f94                SysTick_Handler
 .text.TIM3_IRQHandler
                0x08001f9c       0x40 Core/Src/stm32f4xx_it.o
                0x08001f9c                TIM3_IRQHandler
 .text.USART2_IRQHandler
                0x08001fdc       0x10 Core/Src/stm32f4xx_it.o
                0x08001fdc                USART2_IRQHandler
 .text.OTG_FS_IRQHandler
                0x08001fec       0x10 Core/Src/stm32f4xx_it.o
                0x08001fec                OTG_FS_IRQHandler
 .text.I2C3_EV_IRQHandler
                0x08001ffc       0x10 Core/Src/stm32f4xx_it.o
                0x08001ffc                I2C3_EV_IRQHandler
 .text.I2C3_ER_IRQHandler
                0x0800200c       0x10 Core/Src/stm32f4xx_it.o
                0x0800200c                I2C3_ER_IRQHandler
 .text._sbrk    0x0800201c       0x3c Core/Src/syscalls.o
                0x0800201c                _sbrk
 .text.SystemInit
                0x08002058       0x1c Core/Src/system_stm32f4xx.o
                0x08002058                SystemInit
 .text.HAL_InitTick
                0x08002074       0x48 Drivers/STM32F4xx_HAL_Driver/Src/stm32f4xx_hal.o
                0x08002074                HAL_InitTick
 .text.HAL_Init
                0x080020bc       0x34 Drivers/STM32F4xx_HAL_Driver/Src/stm32f4xx_hal.o
                0x080020bc                HAL_Init
 .text.HAL_IncTick
                0x080020f0       0x18 Drivers/STM32F4xx_HAL_Driver/Src/stm32f4xx_hal.o
                0x080020f0                HAL_IncTick
 .text.HAL_GetTick
                0x08002108        0xc Drivers/STM32F4xx_HAL_Driver/Src/stm32f4xx_hal.o
                0x08002108                HAL_GetTick
 .text.HAL_Delay
                0x08002114       0x28 Drivers/STM32F4xx_HAL_Driver/Src/stm32f4xx_hal.o
                0x08002114                HAL_Delay
 .text.HAL_NVIC_SetPriorityGrouping
                0x0800213c       0x24 Drivers/STM32F4xx_HAL_Driver/Src/stm32f4xx_hal_cortex.o
                0x0800213c                HAL_NVIC_SetPriorityGrouping
 .text.HAL_NVIC_SetPriority
                0x08002160       0x68 Drivers/STM32F4xx_HAL_Driver/Src/stm32f4xx_hal_cortex.o
                0x08002160                HAL_NVIC_SetPriority
 .text.HAL_NVIC_EnableIRQ
                0x080021c8       0x1c Drivers/STM32F4xx_HAL_Driver/Src/stm32f4xx_hal_cortex.o
                0x080021c8                HAL_NVIC_EnableIRQ
 .text.HAL_SYSTICK_Config
                0x080021e4       0x2c Drivers/STM32F4xx_HAL_Driver/Src/stm32f4xx_hal_cortex.o
                0x080021e4                HAL_SYSTICK_Config
 .text.HAL_DMA_Abort_IT
                0x08002210       0x26 Drivers/STM32F4xx_HAL_Driver/Src/stm32f4xx_hal_dma.o
                0x08002210                HAL_DMA_Abort_IT
 .text.HAL_DMA_GetState
                0x08002236        0x6 Drivers/STM32F4xx_HAL_Driver/Src/stm32f4xx_hal_dma.o
                0x08002236                HAL_DMA_GetState
 .text.HAL_GPIO_Init
                0x0800223c      0x1c8 Drivers/STM32F4xx_HAL_Driver/Src/stm32f4xx_hal_gpio.o
                0x0800223c                HAL_GPIO_Init
 .text.HAL_GPIO_WritePin
                0x08002404        0xc Drivers/STM32F4xx_HAL_Driver/Src/stm32f4xx_hal_gpio.o
                0x08002404                HAL_GPIO_WritePin
 .text.HAL_GPIO_TogglePin
                0x08002410       0x12 Drivers/STM32F4xx_HAL_Driver/Src/stm32f4xx_hal_gpio.o
                0x08002410                HAL_GPIO_TogglePin
 *fill*         0x08002422        0x2 
 .text.HCD_RXQLVL_IRQHandler
                0x08002424       0x7c Drivers/STM32F4xx_HAL_Driver/Src/stm32f4xx_hal_hcd.o
 .text.HAL_HCD_HC_Init
                0x080024a0       0xa0 Drivers/STM32F4xx_HAL_Driver/Src/stm32f4xx_hal_hcd.o
                0x080024a0                HAL_HCD_HC_Init
 .text.HAL_HCD_HC_Halt
                0x08002540       0x24 Drivers/STM32F4xx_HAL_Driver/Src/stm32f4xx_hal_hcd.o
                0x08002540                HAL_HCD_HC_Halt
 .text.HAL_HCD_Init
                0x08002564       0x94 Drivers/STM32F4xx_HAL_Driver/Src/stm32f4xx_hal_hcd.o
                0x08002564                HAL_HCD_Init
 .text.HAL_HCD_HC_SubmitRequest
                0x080025f8      0x196 Drivers/STM32F4xx_HAL_Driver/Src/stm32f4xx_hal_hcd.o
                0x080025f8                HAL_HCD_HC_SubmitRequest
 .text.HCD_Port_IRQHandler
                0x0800278e       0xb0 Drivers/STM32F4xx_HAL_Driver/Src/stm32f4xx_hal_hcd.o
 .text.HCD_HC_IN_IRQHandler
                0x0800283e      0x32c Drivers/STM32F4xx_HAL_Driver/Src/stm32f4xx_hal_hcd.o
 .text.HCD_HC_OUT_IRQHandler
                0x08002b6a      0x2b4 Drivers/STM32F4xx_HAL_Driver/Src/stm32f4xx_hal_hcd.o
 .text.HAL_HCD_IRQHandler
                0x08002e1e      0x146 Drivers/STM32F4xx_HAL_Driver/Src/stm32f4xx_hal_hcd.o
                0x08002e1e                HAL_HCD_IRQHandler
 .text.HAL_HCD_Start
                0x08002f64       0x2c Drivers/STM32F4xx_HAL_Driver/Src/stm32f4xx_hal_hcd.o
                0x08002f64                HAL_HCD_Start
 .text.HAL_HCD_Stop
                0x08002f90       0x24 Drivers/STM32F4xx_HAL_Driver/Src/stm32f4xx_hal_hcd.o
                0x08002f90                HAL_HCD_Stop
 .text.HAL_HCD_ResetPort
                0x08002fb4        0xa Drivers/STM32F4xx_HAL_Driver/Src/stm32f4xx_hal_hcd.o
                0x08002fb4                HAL_HCD_ResetPort
 .text.HAL_HCD_HC_GetURBState
                0x08002fbe        0xe Drivers/STM32F4xx_HAL_Driver/Src/stm32f4xx_hal_hcd.o
                0x08002fbe                HAL_HCD_HC_GetURBState
 .text.HAL_HCD_HC_GetXferCount
                0x08002fcc        0xc Drivers/STM32F4xx_HAL_Driver/Src/stm32f4xx_hal_hcd.o
                0x08002fcc                HAL_HCD_HC_GetXferCount
 .text.HAL_HCD_GetCurrentFrame
                0x08002fd8        0xa Drivers/STM32F4xx_HAL_Driver/Src/stm32f4xx_hal_hcd.o
                0x08002fd8                HAL_HCD_GetCurrentFrame
 .text.HAL_HCD_GetCurrentSpeed
                0x08002fe2        0xa Drivers/STM32F4xx_HAL_Driver/Src/stm32f4xx_hal_hcd.o
                0x08002fe2                HAL_HCD_GetCurrentSpeed
 .text.I2C_Master_SB
                0x08002fec       0xaa Drivers/STM32F4xx_HAL_Driver/Src/stm32f4xx_hal_i2c.o
 .text.I2C_Master_ADD10
                0x08003096       0x2e Drivers/STM32F4xx_HAL_Driver/Src/stm32f4xx_hal_i2c.o
 .text.I2C_Master_ADDR
                0x080030c4      0x206 Drivers/STM32F4xx_HAL_Driver/Src/stm32f4xx_hal_i2c.o
 .text.I2C_SlaveTransmit_BTF
                0x080032ca       0x1e Drivers/STM32F4xx_HAL_Driver/Src/stm32f4xx_hal_i2c.o
 .text.I2C_SlaveReceive_BTF
                0x080032e8       0x1e Drivers/STM32F4xx_HAL_Driver/Src/stm32f4xx_hal_i2c.o
 *fill*         0x08003306        0x2 
 .text.I2C_WaitOnSTOPRequestThroughIT
                0x08003308       0x48 Drivers/STM32F4xx_HAL_Driver/Src/stm32f4xx_hal_i2c.o
 .text.I2C_IsAcknowledgeFailed
                0x08003350       0x32 Drivers/STM32F4xx_HAL_Driver/Src/stm32f4xx_hal_i2c.o
 .text.I2C_ConvertOtherXferOptions
                0x08003382       0x1e Drivers/STM32F4xx_HAL_Driver/Src/stm32f4xx_hal_i2c.o
 .text.I2C_WaitOnFlagUntilTimeout
                0x080033a0       0x70 Drivers/STM32F4xx_HAL_Driver/Src/stm32f4xx_hal_i2c.o
 .text.I2C_WaitOnMasterAddressFlagUntilTimeout
                0x08003410       0xa4 Drivers/STM32F4xx_HAL_Driver/Src/stm32f4xx_hal_i2c.o
 .text.I2C_MasterRequestWrite
                0x080034b4       0xbc Drivers/STM32F4xx_HAL_Driver/Src/stm32f4xx_hal_i2c.o
 .text.I2C_MasterRequestRead
                0x08003570      0x128 Drivers/STM32F4xx_HAL_Driver/Src/stm32f4xx_hal_i2c.o
 .text.I2C_WaitOnTXEFlagUntilTimeout
                0x08003698       0x54 Drivers/STM32F4xx_HAL_Driver/Src/stm32f4xx_hal_i2c.o
 .text.I2C_WaitOnBTFFlagUntilTimeout
                0x080036ec       0x54 Drivers/STM32F4xx_HAL_Driver/Src/stm32f4xx_hal_i2c.o
 .text.I2C_WaitOnRXNEFlagUntilTimeout
                0x08003740       0x6a Drivers/STM32F4xx_HAL_Driver/Src/stm32f4xx_hal_i2c.o
 *fill*         0x080037aa        0x2 
 .text.HAL_I2C_Init
                0x080037ac      0x1b4 Drivers/STM32F4xx_HAL_Driver/Src/stm32f4xx_hal_i2c.o
                0x080037ac                HAL_I2C_Init
 .text.HAL_I2C_Master_Transmit
                0x08003960      0x174 Drivers/STM32F4xx_HAL_Driver/Src/stm32f4xx_hal_i2c.o
                0x08003960                HAL_I2C_Master_Transmit
 .text.HAL_I2C_Master_Receive
                0x08003ad4      0x2d0 Drivers/STM32F4xx_HAL_Driver/Src/stm32f4xx_hal_i2c.o
                0x08003ad4                HAL_I2C_Master_Receive
 .text.HAL_I2C_MasterTxCpltCallback
                0x08003da4        0x2 Drivers/STM32F4xx_HAL_Driver/Src/stm32f4xx_hal_i2c.o
                0x08003da4                HAL_I2C_MasterTxCpltCallback
 .text.I2C_MasterTransmit_BTF
                0x08003da6       0x84 Drivers/STM32F4xx_HAL_Driver/Src/stm32f4xx_hal_i2c.o
 .text.HAL_I2C_MasterRxCpltCallback
                0x08003e2a        0x2 Drivers/STM32F4xx_HAL_Driver/Src/stm32f4xx_hal_i2c.o
                0x08003e2a                HAL_I2C_MasterRxCpltCallback
 .text.HAL_I2C_SlaveTxCpltCallback
                0x08003e2c        0x2 Drivers/STM32F4xx_HAL_Driver/Src/stm32f4xx_hal_i2c.o
                0x08003e2c                HAL_I2C_SlaveTxCpltCallback
 .text.I2C_SlaveTransmit_TXE
                0x08003e2e       0x4a Drivers/STM32F4xx_HAL_Driver/Src/stm32f4xx_hal_i2c.o
 .text.HAL_I2C_SlaveRxCpltCallback
                0x08003e78        0x2 Drivers/STM32F4xx_HAL_Driver/Src/stm32f4xx_hal_i2c.o
                0x08003e78                HAL_I2C_SlaveRxCpltCallback
 .text.I2C_SlaveReceive_RXNE
                0x08003e7a       0x4a Drivers/STM32F4xx_HAL_Driver/Src/stm32f4xx_hal_i2c.o
 .text.HAL_I2C_AddrCallback
                0x08003ec4        0x2 Drivers/STM32F4xx_HAL_Driver/Src/stm32f4xx_hal_i2c.o
                0x08003ec4                HAL_I2C_AddrCallback
 .text.I2C_Slave_ADDR
                0x08003ec6       0x4e Drivers/STM32F4xx_HAL_Driver/Src/stm32f4xx_hal_i2c.o
 .text.HAL_I2C_ListenCpltCallback
                0x08003f14        0x2 Drivers/STM32F4xx_HAL_Driver/Src/stm32f4xx_hal_i2c.o
                0x08003f14                HAL_I2C_ListenCpltCallback
 *fill*         0x08003f16        0x2 
 .text.I2C_Slave_AF
                0x08003f18       0x94 Drivers/STM32F4xx_HAL_Driver/Src/stm32f4xx_hal_i2c.o
 .text.HAL_I2C_MemTxCpltCallback
                0x08003fac        0x2 Drivers/STM32F4xx_HAL_Driver/Src/stm32f4xx_hal_i2c.o
                0x08003fac                HAL_I2C_MemTxCpltCallback
 .text.I2C_MemoryTransmit_TXE_BTF
                0x08003fae       0xb6 Drivers/STM32F4xx_HAL_Driver/Src/stm32f4xx_hal_i2c.o
 .text.I2C_MasterTransmit_TXE
                0x08004064       0xce Drivers/STM32F4xx_HAL_Driver/Src/stm32f4xx_hal_i2c.o
 .text.HAL_I2C_MemRxCpltCallback
                0x08004132        0x2 Drivers/STM32F4xx_HAL_Driver/Src/stm32f4xx_hal_i2c.o
                0x08004132                HAL_I2C_MemRxCpltCallback
 .text.I2C_MasterReceive_BTF
                0x08004134      0x11e Drivers/STM32F4xx_HAL_Driver/Src/stm32f4xx_hal_i2c.o
 .text.HAL_I2C_ErrorCallback
                0x08004252        0x2 Drivers/STM32F4xx_HAL_Driver/Src/stm32f4xx_hal_i2c.o
                0x08004252                HAL_I2C_ErrorCallback
 .text.I2C_MasterReceive_RXNE
                0x08004254       0xe2 Drivers/STM32F4xx_HAL_Driver/Src/stm32f4xx_hal_i2c.o
 .text.HAL_I2C_AbortCpltCallback
                0x08004336        0x2 Drivers/STM32F4xx_HAL_Driver/Src/stm32f4xx_hal_i2c.o
                0x08004336                HAL_I2C_AbortCpltCallback
 .text.I2C_DMAAbort
                0x08004338       0xe4 Drivers/STM32F4xx_HAL_Driver/Src/stm32f4xx_hal_i2c.o
 .text.I2C_ITError
                0x0800441c      0x178 Drivers/STM32F4xx_HAL_Driver/Src/stm32f4xx_hal_i2c.o
 .text.I2C_Slave_STOPF
                0x08004594      0x188 Drivers/STM32F4xx_HAL_Driver/Src/stm32f4xx_hal_i2c.o
 .text.HAL_I2C_EV_IRQHandler
                0x0800471c      0x19a Drivers/STM32F4xx_HAL_Driver/Src/stm32f4xx_hal_i2c.o
                0x0800471c                HAL_I2C_EV_IRQHandler
 .text.HAL_I2C_ER_IRQHandler
                0x080048b6       0xc4 Drivers/STM32F4xx_HAL_Driver/Src/stm32f4xx_hal_i2c.o
                0x080048b6                HAL_I2C_ER_IRQHandler
 *fill*         0x0800497a        0x2 
 .text.HAL_I2S_Init
                0x0800497c      0x19c Drivers/STM32F4xx_HAL_Driver/Src/stm32f4xx_hal_i2s.o
                0x0800497c                HAL_I2S_Init
 .text.HAL_I2S_TxCpltCallback
                0x08004b18        0x2 Drivers/STM32F4xx_HAL_Driver/Src/stm32f4xx_hal_i2s.o
                0x08004b18                HAL_I2S_TxCpltCallback
 .text.I2S_Transmit_IT
                0x08004b1a       0x36 Drivers/STM32F4xx_HAL_Driver/Src/stm32f4xx_hal_i2s.o
 .text.HAL_I2S_RxCpltCallback
                0x08004b50        0x2 Drivers/STM32F4xx_HAL_Driver/Src/stm32f4xx_hal_i2s.o
                0x08004b50                HAL_I2S_RxCpltCallback
 .text.I2S_Receive_IT
                0x08004b52       0x36 Drivers/STM32F4xx_HAL_Driver/Src/stm32f4xx_hal_i2s.o
 .text.HAL_I2S_ErrorCallback
                0x08004b88        0x2 Drivers/STM32F4xx_HAL_Driver/Src/stm32f4xx_hal_i2s.o
                0x08004b88                HAL_I2S_ErrorCallback
 .text.I2S_IRQHandler
                0x08004b8a       0xd0 Drivers/STM32F4xx_HAL_Driver/Src/stm32f4xx_hal_i2s.o
 .text.HAL_I2SEx_TxRxCpltCallback
                0x08004c5a        0x2 Drivers/STM32F4xx_HAL_Driver/Src/stm32f4xx_hal_i2s_ex.o
                0x08004c5a                HAL_I2SEx_TxRxCpltCallback
 .text.I2SEx_TxISR_I2S
                0x08004c5c       0x3a Drivers/STM32F4xx_HAL_Driver/Src/stm32f4xx_hal_i2s_ex.o
 *fill*         0x08004c96        0x2 
 .text.I2SEx_RxISR_I2SExt
                0x08004c98       0x60 Drivers/STM32F4xx_HAL_Driver/Src/stm32f4xx_hal_i2s_ex.o
 .text.I2SEx_TxISR_I2SExt
                0x08004cf8       0x60 Drivers/STM32F4xx_HAL_Driver/Src/stm32f4xx_hal_i2s_ex.o
 .text.I2SEx_RxISR_I2S
                0x08004d58       0x3a Drivers/STM32F4xx_HAL_Driver/Src/stm32f4xx_hal_i2s_ex.o
 *fill*         0x08004d92        0x2 
 .text.HAL_I2SEx_FullDuplex_IRQHandler
                0x08004d94      0x1d8 Drivers/STM32F4xx_HAL_Driver/Src/stm32f4xx_hal_i2s_ex.o
                0x08004d94                HAL_I2SEx_FullDuplex_IRQHandler
 .text.HAL_RCC_OscConfig
                0x08004f6c      0x3ec Drivers/STM32F4xx_HAL_Driver/Src/stm32f4xx_hal_rcc.o
                0x08004f6c                HAL_RCC_OscConfig
 .text.HAL_RCC_GetSysClockFreq
                0x08005358       0xd8 Drivers/STM32F4xx_HAL_Driver/Src/stm32f4xx_hal_rcc.o
                0x08005358                HAL_RCC_GetSysClockFreq
 .text.HAL_RCC_ClockConfig
                0x08005430      0x160 Drivers/STM32F4xx_HAL_Driver/Src/stm32f4xx_hal_rcc.o
                0x08005430                HAL_RCC_ClockConfig
 .text.HAL_RCC_GetHCLKFreq
                0x08005590        0xc Drivers/STM32F4xx_HAL_Driver/Src/stm32f4xx_hal_rcc.o
                0x08005590                HAL_RCC_GetHCLKFreq
 .text.HAL_RCC_GetPCLK1Freq
                0x0800559c       0x20 Drivers/STM32F4xx_HAL_Driver/Src/stm32f4xx_hal_rcc.o
                0x0800559c                HAL_RCC_GetPCLK1Freq
 .text.HAL_RCC_GetPCLK2Freq
                0x080055bc       0x20 Drivers/STM32F4xx_HAL_Driver/Src/stm32f4xx_hal_rcc.o
                0x080055bc                HAL_RCC_GetPCLK2Freq
 .text.HAL_RCCEx_PeriphCLKConfig
                0x080055dc      0x154 Drivers/STM32F4xx_HAL_Driver/Src/stm32f4xx_hal_rcc_ex.o
                0x080055dc                HAL_RCCEx_PeriphCLKConfig
 .text.HAL_RCCEx_GetPeriphCLKFreq
                0x08005730       0x74 Drivers/STM32F4xx_HAL_Driver/Src/stm32f4xx_hal_rcc_ex.o
                0x08005730                HAL_RCCEx_GetPeriphCLKFreq
 .text.HAL_SPI_Init
                0x080057a4       0x80 Drivers/STM32F4xx_HAL_Driver/Src/stm32f4xx_hal_spi.o
                0x080057a4                HAL_SPI_Init
 .text.TIM_TI1_ConfigInputStage
                0x08005824       0x26 Drivers/STM32F4xx_HAL_Driver/Src/stm32f4xx_hal_tim.o
 .text.TIM_TI2_ConfigInputStage
                0x0800584a       0x28 Drivers/STM32F4xx_HAL_Driver/Src/stm32f4xx_hal_tim.o
 .text.TIM_ITRx_SetConfig
                0x08005872       0x10 Drivers/STM32F4xx_HAL_Driver/Src/stm32f4xx_hal_tim.o
 .text.HAL_TIM_Base_Start_IT
                0x08005882       0x22 Drivers/STM32F4xx_HAL_Driver/Src/stm32f4xx_hal_tim.o
                0x08005882                HAL_TIM_Base_Start_IT
 .text.HAL_TIM_PeriodElapsedCallback
                0x080058a4        0x2 Drivers/STM32F4xx_HAL_Driver/Src/stm32f4xx_hal_tim.o
                0x080058a4                HAL_TIM_PeriodElapsedCallback
 .text.HAL_TIM_OC_DelayElapsedCallback
                0x080058a6        0x2 Drivers/STM32F4xx_HAL_Driver/Src/stm32f4xx_hal_tim.o
                0x080058a6                HAL_TIM_OC_DelayElapsedCallback
 .text.HAL_TIM_IC_CaptureCallback
                0x080058a8        0x2 Drivers/STM32F4xx_HAL_Driver/Src/stm32f4xx_hal_tim.o
                0x080058a8                HAL_TIM_IC_CaptureCallback
 .text.HAL_TIM_PWM_PulseFinishedCallback
                0x080058aa        0x2 Drivers/STM32F4xx_HAL_Driver/Src/stm32f4xx_hal_tim.o
                0x080058aa                HAL_TIM_PWM_PulseFinishedCallback
 .text.HAL_TIM_TriggerCallback
                0x080058ac        0x2 Drivers/STM32F4xx_HAL_Driver/Src/stm32f4xx_hal_tim.o
                0x080058ac                HAL_TIM_TriggerCallback
 .text.HAL_TIM_IRQHandler
                0x080058ae      0x17a Drivers/STM32F4xx_HAL_Driver/Src/stm32f4xx_hal_tim.o
                0x080058ae                HAL_TIM_IRQHandler
 .text.TIM_Base_SetConfig
                0x08005a28       0xc8 Drivers/STM32F4xx_HAL_Driver/Src/stm32f4xx_hal_tim.o
                0x08005a28                TIM_Base_SetConfig
 .text.HAL_TIM_Base_Init
                0x08005af0       0x32 Drivers/STM32F4xx_HAL_Driver/Src/stm32f4xx_hal_tim.o
                0x08005af0                HAL_TIM_Base_Init
 .text.TIM_ETR_SetConfig
                0x08005b22       0x18 Drivers/STM32F4xx_HAL_Driver/Src/stm32f4xx_hal_tim.o
                0x08005b22                TIM_ETR_SetConfig
 .text.HAL_TIM_ConfigClockSource
                0x08005b3a       0xda Drivers/STM32F4xx_HAL_Driver/Src/stm32f4xx_hal_tim.o
                0x08005b3a                HAL_TIM_ConfigClockSource
 .text.HAL_TIMEx_MasterConfigSynchronization
                0x08005c14       0x88 Drivers/STM32F4xx_HAL_Driver/Src/stm32f4xx_hal_tim_ex.o
                0x08005c14                HAL_TIMEx_MasterConfigSynchronization
 .text.HAL_TIMEx_CommutCallback
                0x08005c9c        0x2 Drivers/STM32F4xx_HAL_Driver/Src/stm32f4xx_hal_tim_ex.o
                0x08005c9c                HAL_TIMEx_CommutCallback
 .text.HAL_TIMEx_BreakCallback
                0x08005c9e        0x2 Drivers/STM32F4xx_HAL_Driver/Src/stm32f4xx_hal_tim_ex.o
                0x08005c9e                HAL_TIMEx_BreakCallback
 .text.UART_EndRxTransfer
                0x08005ca0       0x1c Drivers/STM32F4xx_HAL_Driver/Src/stm32f4xx_hal_uart.o
 .text.UART_Transmit_IT
                0x08005cbc       0x68 Drivers/STM32F4xx_HAL_Driver/Src/stm32f4xx_hal_uart.o
 .text.UART_SetConfig
                0x08005d24      0x218 Drivers/STM32F4xx_HAL_Driver/Src/stm32f4xx_hal_uart.o
 .text.UART_WaitOnFlagUntilTimeout
                0x08005f3c       0x62 Drivers/STM32F4xx_HAL_Driver/Src/stm32f4xx_hal_uart.o
 .text.HAL_UART_Init
                0x08005f9e       0x5e Drivers/STM32F4xx_HAL_Driver/Src/stm32f4xx_hal_uart.o
                0x08005f9e                HAL_UART_Init
 .text.HAL_UART_Transmit
                0x08005ffc       0xe2 Drivers/STM32F4xx_HAL_Driver/Src/stm32f4xx_hal_uart.o
                0x08005ffc                HAL_UART_Transmit
 .text.HAL_UART_TxCpltCallback
                0x080060de        0x2 Drivers/STM32F4xx_HAL_Driver/Src/stm32f4xx_hal_uart.o
                0x080060de                HAL_UART_TxCpltCallback
 .text.UART_EndTransmit_IT
                0x080060e0       0x1a Drivers/STM32F4xx_HAL_Driver/Src/stm32f4xx_hal_uart.o
 .text.HAL_UART_RxCpltCallback
                0x080060fa        0x2 Drivers/STM32F4xx_HAL_Driver/Src/stm32f4xx_hal_uart.o
                0x080060fa                HAL_UART_RxCpltCallback
 .text.UART_Receive_IT
                0x080060fc       0x9c Drivers/STM32F4xx_HAL_Driver/Src/stm32f4xx_hal_uart.o
 .text.HAL_UART_ErrorCallback
                0x08006198        0x2 Drivers/STM32F4xx_HAL_Driver/Src/stm32f4xx_hal_uart.o
                0x08006198                HAL_UART_ErrorCallback
 *fill*         0x0800619a        0x2 
 .text.HAL_UART_IRQHandler
                0x0800619c      0x128 Drivers/STM32F4xx_HAL_Driver/Src/stm32f4xx_hal_uart.o
                0x0800619c                HAL_UART_IRQHandler
 .text.UART_DMAAbortOnError
                0x080062c4       0x10 Drivers/STM32F4xx_HAL_Driver/Src/stm32f4xx_hal_uart.o
 .text.USB_CoreReset
                0x080062d4       0x3c Drivers/STM32F4xx_HAL_Driver/Src/stm32f4xx_ll_usb.o
 .text.USB_CoreInit
                0x08006310       0x8a Drivers/STM32F4xx_HAL_Driver/Src/stm32f4xx_ll_usb.o
                0x08006310                USB_CoreInit
 .text.USB_EnableGlobalInt
                0x0800639a        0xc Drivers/STM32F4xx_HAL_Driver/Src/stm32f4xx_ll_usb.o
                0x0800639a                USB_EnableGlobalInt
 .text.USB_DisableGlobalInt
                0x080063a6        0xc Drivers/STM32F4xx_HAL_Driver/Src/stm32f4xx_ll_usb.o
                0x080063a6                USB_DisableGlobalInt
 .text.USB_SetCurrentMode
                0x080063b2       0x30 Drivers/STM32F4xx_HAL_Driver/Src/stm32f4xx_ll_usb.o
                0x080063b2                USB_SetCurrentMode
 *fill*         0x080063e2        0x2 
 .text.USB_FlushTxFifo
                0x080063e4       0x28 Drivers/STM32F4xx_HAL_Driver/Src/stm32f4xx_ll_usb.o
                0x080063e4                USB_FlushTxFifo
 .text.USB_FlushRxFifo
                0x0800640c       0x24 Drivers/STM32F4xx_HAL_Driver/Src/stm32f4xx_ll_usb.o
                0x0800640c                USB_FlushRxFifo
 .text.USB_WritePacket
                0x08006430       0x28 Drivers/STM32F4xx_HAL_Driver/Src/stm32f4xx_ll_usb.o
                0x08006430                USB_WritePacket
 .text.USB_ReadPacket
                0x08006458       0x28 Drivers/STM32F4xx_HAL_Driver/Src/stm32f4xx_ll_usb.o
                0x08006458                USB_ReadPacket
 .text.USB_ReadInterrupts
                0x08006480        0x8 Drivers/STM32F4xx_HAL_Driver/Src/stm32f4xx_ll_usb.o
                0x08006480                USB_ReadInterrupts
 .text.USB_GetMode
                0x08006488        0x8 Drivers/STM32F4xx_HAL_Driver/Src/stm32f4xx_ll_usb.o
                0x08006488                USB_GetMode
 .text.USB_InitFSLSPClkSel
                0x08006490       0x40 Drivers/STM32F4xx_HAL_Driver/Src/stm32f4xx_ll_usb.o
                0x08006490                USB_InitFSLSPClkSel
 .text.USB_ResetPort
                0x080064d0       0x3e Drivers/STM32F4xx_HAL_Driver/Src/stm32f4xx_ll_usb.o
                0x080064d0                USB_ResetPort
 .text.USB_DriveVbus
                0x0800650e       0x46 Drivers/STM32F4xx_HAL_Driver/Src/stm32f4xx_ll_usb.o
                0x0800650e                USB_DriveVbus
 .text.USB_HostInit
                0x08006554       0xfc Drivers/STM32F4xx_HAL_Driver/Src/stm32f4xx_ll_usb.o
                0x08006554                USB_HostInit
 .text.USB_GetHostSpeed
                0x08006650       0x16 Drivers/STM32F4xx_HAL_Driver/Src/stm32f4xx_ll_usb.o
                0x08006650                USB_GetHostSpeed
 .text.USB_GetCurrentFrame
                0x08006666        0xa Drivers/STM32F4xx_HAL_Driver/Src/stm32f4xx_ll_usb.o
                0x08006666                USB_GetCurrentFrame
 .text.USB_HC_Init
                0x08006670      0x108 Drivers/STM32F4xx_HAL_Driver/Src/stm32f4xx_ll_usb.o
                0x08006670                USB_HC_Init
 .text.USB_HC_ReadInterrupt
                0x08006778        0xa Drivers/STM32F4xx_HAL_Driver/Src/stm32f4xx_ll_usb.o
                0x08006778                USB_HC_ReadInterrupt
 .text.USB_HC_Halt
                0x08006782       0xd0 Drivers/STM32F4xx_HAL_Driver/Src/stm32f4xx_ll_usb.o
                0x08006782                USB_HC_Halt
 *fill*         0x08006852        0x2 
 .text.USB_DoPing
                0x08006854       0x24 Drivers/STM32F4xx_HAL_Driver/Src/stm32f4xx_ll_usb.o
                0x08006854                USB_DoPing
 .text.USB_HC_StartXfer
                0x08006878      0x158 Drivers/STM32F4xx_HAL_Driver/Src/stm32f4xx_ll_usb.o
                0x08006878                USB_HC_StartXfer
 .text.USB_StopHost
                0x080069d0       0x7e Drivers/STM32F4xx_HAL_Driver/Src/stm32f4xx_ll_usb.o
                0x080069d0                USB_StopHost
 .text.USBH_CDC_SOFProcess
                0x08006a4e        0x4 Middlewares/ST/STM32_USB_Host_Library/Class/CDC/Src/usbh_cdc.o
 .text.SetLineCoding
                0x08006a52       0x1a Middlewares/ST/STM32_USB_Host_Library/Class/CDC/Src/usbh_cdc.o
 .text.GetLineCoding
                0x08006a6c       0x1a Middlewares/ST/STM32_USB_Host_Library/Class/CDC/Src/usbh_cdc.o
 .text.USBH_CDC_ClassRequest
                0x08006a86       0x22 Middlewares/ST/STM32_USB_Host_Library/Class/CDC/Src/usbh_cdc.o
 .text.USBH_CDC_InterfaceDeInit
                0x08006aa8       0x68 Middlewares/ST/STM32_USB_Host_Library/Class/CDC/Src/usbh_cdc.o
 .text.USBH_CDC_InterfaceInit
                0x08006b10      0x17e Middlewares/ST/STM32_USB_Host_Library/Class/CDC/Src/usbh_cdc.o
 .text.USBH_CDC_TransmitCallback
                0x08006c8e        0x2 Middlewares/ST/STM32_USB_Host_Library/Class/CDC/Src/usbh_cdc.o
                0x08006c8e                USBH_CDC_TransmitCallback
 .text.CDC_ProcessTransmission
                0x08006c90       0x94 Middlewares/ST/STM32_USB_Host_Library/Class/CDC/Src/usbh_cdc.o
 .text.USBH_CDC_ReceiveCallback
                0x08006d24        0x2 Middlewares/ST/STM32_USB_Host_Library/Class/CDC/Src/usbh_cdc.o
                0x08006d24                USBH_CDC_ReceiveCallback
 .text.CDC_ProcessReception
                0x08006d26       0x68 Middlewares/ST/STM32_USB_Host_Library/Class/CDC/Src/usbh_cdc.o
 .text.USBH_CDC_LineCodingChanged
                0x08006d8e        0x2 Middlewares/ST/STM32_USB_Host_Library/Class/CDC/Src/usbh_cdc.o
                0x08006d8e                USBH_CDC_LineCodingChanged
 .text.USBH_CDC_Process
                0x08006d90       0xb8 Middlewares/ST/STM32_USB_Host_Library/Class/CDC/Src/usbh_cdc.o
 .text.DeInitStateMachine
                0x08006e48       0x54 Middlewares/ST/STM32_USB_Host_Library/Core/Src/usbh_core.o
 .text.USBH_HandleSof
                0x08006e9c       0x1a Middlewares/ST/STM32_USB_Host_Library/Core/Src/usbh_core.o
 .text.USBH_HandleEnum
                0x08006eb6      0x276 Middlewares/ST/STM32_USB_Host_Library/Core/Src/usbh_core.o
 .text.USBH_Init
                0x0800712c       0x3e Middlewares/ST/STM32_USB_Host_Library/Core/Src/usbh_core.o
                0x0800712c                USBH_Init
 .text.USBH_RegisterClass
                0x0800716a       0x22 Middlewares/ST/STM32_USB_Host_Library/Core/Src/usbh_core.o
                0x0800716a                USBH_RegisterClass
 .text.USBH_SelectInterface
                0x0800718c       0x14 Middlewares/ST/STM32_USB_Host_Library/Core/Src/usbh_core.o
                0x0800718c                USBH_SelectInterface
 .text.USBH_FindInterface
                0x080071a0       0x50 Middlewares/ST/STM32_USB_Host_Library/Core/Src/usbh_core.o
                0x080071a0                USBH_FindInterface
 .text.USBH_Start
                0x080071f0       0x14 Middlewares/ST/STM32_USB_Host_Library/Core/Src/usbh_core.o
                0x080071f0                USBH_Start
 .text.USBH_Process
                0x08007204      0x27e Middlewares/ST/STM32_USB_Host_Library/Core/Src/usbh_core.o
                0x08007204                USBH_Process
 .text.USBH_LL_SetTimer
                0x08007482        0x6 Middlewares/ST/STM32_USB_Host_Library/Core/Src/usbh_core.o
                0x08007482                USBH_LL_SetTimer
 .text.USBH_LL_IncTimer
                0x08007488       0x12 Middlewares/ST/STM32_USB_Host_Library/Core/Src/usbh_core.o
                0x08007488                USBH_LL_IncTimer
 .text.USBH_LL_PortEnabled
                0x0800749a        0x8 Middlewares/ST/STM32_USB_Host_Library/Core/Src/usbh_core.o
                0x0800749a                USBH_LL_PortEnabled
 .text.USBH_LL_PortDisabled
                0x080074a2        0x8 Middlewares/ST/STM32_USB_Host_Library/Core/Src/usbh_core.o
                0x080074a2                USBH_LL_PortDisabled
 .text.USBH_LL_Connect
                0x080074aa       0x14 Middlewares/ST/STM32_USB_Host_Library/Core/Src/usbh_core.o
                0x080074aa                USBH_LL_Connect
 .text.USBH_LL_Disconnect
                0x080074be       0x2c Middlewares/ST/STM32_USB_Host_Library/Core/Src/usbh_core.o
                0x080074be                USBH_LL_Disconnect
 .text.USBH_ParseDevDesc
                0x080074ea       0x5c Middlewares/ST/STM32_USB_Host_Library/Core/Src/usbh_ctlreq.o
 .text.USBH_ParseInterfaceDesc
                0x08007546       0x26 Middlewares/ST/STM32_USB_Host_Library/Core/Src/usbh_ctlreq.o
 .text.USBH_ParseEPDesc
                0x0800756c       0x20 Middlewares/ST/STM32_USB_Host_Library/Core/Src/usbh_ctlreq.o
 .text.USBH_ParseStringDesc
                0x0800758c       0x3c Middlewares/ST/STM32_USB_Host_Library/Core/Src/usbh_ctlreq.o
 .text.USBH_HandleControl
                0x080075c8      0x1de Middlewares/ST/STM32_USB_Host_Library/Core/Src/usbh_ctlreq.o
 .text.USBH_GetNextDesc
                0x080077a6        0xe Middlewares/ST/STM32_USB_Host_Library/Core/Src/usbh_ctlreq.o
                0x080077a6                USBH_GetNextDesc
 .text.USBH_ParseCfgDesc
                0x080077b4       0xc2 Middlewares/ST/STM32_USB_Host_Library/Core/Src/usbh_ctlreq.o
 .text.USBH_CtlReq
                0x08007876       0x44 Middlewares/ST/STM32_USB_Host_Library/Core/Src/usbh_ctlreq.o
                0x08007876                USBH_CtlReq
 .text.USBH_GetDescriptor
                0x080078ba       0x3c Middlewares/ST/STM32_USB_Host_Library/Core/Src/usbh_ctlreq.o
                0x080078ba                USBH_GetDescriptor
 .text.USBH_Get_DevDesc
                0x080078f6       0x32 Middlewares/ST/STM32_USB_Host_Library/Core/Src/usbh_ctlreq.o
                0x080078f6                USBH_Get_DevDesc
 .text.USBH_Get_CfgDesc
                0x08007928       0x32 Middlewares/ST/STM32_USB_Host_Library/Core/Src/usbh_ctlreq.o
                0x08007928                USBH_Get_CfgDesc
 .text.USBH_Get_StringDesc
                0x0800795a       0x30 Middlewares/ST/STM32_USB_Host_Library/Core/Src/usbh_ctlreq.o
                0x0800795a                USBH_Get_StringDesc
 .text.USBH_SetAddress
                0x0800798a       0x22 Middlewares/ST/STM32_USB_Host_Library/Core/Src/usbh_ctlreq.o
                0x0800798a                USBH_SetAddress
 .text.USBH_SetCfg
                0x080079ac       0x22 Middlewares/ST/STM32_USB_Host_Library/Core/Src/usbh_ctlreq.o
                0x080079ac                USBH_SetCfg
 .text.USBH_SetFeature
                0x080079ce       0x22 Middlewares/ST/STM32_USB_Host_Library/Core/Src/usbh_ctlreq.o
                0x080079ce                USBH_SetFeature
 .text.USBH_ClrFeature
                0x080079f0       0x24 Middlewares/ST/STM32_USB_Host_Library/Core/Src/usbh_ctlreq.o
                0x080079f0                USBH_ClrFeature
 .text.USBH_CtlSendSetup
                0x08007a14       0x22 Middlewares/ST/STM32_USB_Host_Library/Core/Src/usbh_ioreq.o
                0x08007a14                USBH_CtlSendSetup
 .text.USBH_CtlSendData
                0x08007a36       0x2c Middlewares/ST/STM32_USB_Host_Library/Core/Src/usbh_ioreq.o
                0x08007a36                USBH_CtlSendData
 .text.USBH_CtlReceiveData
                0x08007a62       0x20 Middlewares/ST/STM32_USB_Host_Library/Core/Src/usbh_ioreq.o
                0x08007a62                USBH_CtlReceiveData
 .text.USBH_BulkSendData
                0x08007a82       0x2c Middlewares/ST/STM32_USB_Host_Library/Core/Src/usbh_ioreq.o
                0x08007a82                USBH_BulkSendData
 .text.USBH_BulkReceiveData
                0x08007aae       0x20 Middlewares/ST/STM32_USB_Host_Library/Core/Src/usbh_ioreq.o
                0x08007aae                USBH_BulkReceiveData
 .text.USBH_GetFreePipe
                0x08007ace       0x26 Middlewares/ST/STM32_USB_Host_Library/Core/Src/usbh_pipes.o
 .text.USBH_OpenPipe
                0x08007af4       0x20 Middlewares/ST/STM32_USB_Host_Library/Core/Src/usbh_pipes.o
                0x08007af4                USBH_OpenPipe
 .text.USBH_ClosePipe
                0x08007b14        0xa Middlewares/ST/STM32_USB_Host_Library/Core/Src/usbh_pipes.o
                0x08007b14                USBH_ClosePipe
 .text.USBH_AllocPipe
                0x08007b1e       0x26 Middlewares/ST/STM32_USB_Host_Library/Core/Src/usbh_pipes.o
                0x08007b1e                USBH_AllocPipe
 .text.USBH_FreePipe
                0x08007b44       0x16 Middlewares/ST/STM32_USB_Host_Library/Core/Src/usbh_pipes.o
                0x08007b44                USBH_FreePipe
 *fill*         0x08007b5a        0x2 
 .text.USBH_UserProcess
                0x08007b5c       0x2c USB_HOST/App/usb_host.o
 .text.MX_USB_HOST_Init
                0x08007b88       0x40 USB_HOST/App/usb_host.o
                0x08007b88                MX_USB_HOST_Init
 .text.MX_USB_HOST_Process
                0x08007bc8       0x10 USB_HOST/App/usb_host.o
                0x08007bc8                MX_USB_HOST_Process
 .text.HAL_HCD_MspInit
                0x08007bd8       0x98 USB_HOST/Target/usbh_conf.o
                0x08007bd8                HAL_HCD_MspInit
 .text.HAL_HCD_SOF_Callback
                0x08007c70        0xc USB_HOST/Target/usbh_conf.o
                0x08007c70                HAL_HCD_SOF_Callback
 .text.HAL_HCD_Connect_Callback
                0x08007c7c        0xc USB_HOST/Target/usbh_conf.o
                0x08007c7c                HAL_HCD_Connect_Callback
 .text.HAL_HCD_Disconnect_Callback
                0x08007c88        0xc USB_HOST/Target/usbh_conf.o
                0x08007c88                HAL_HCD_Disconnect_Callback
 .text.HAL_HCD_HC_NotifyURBChange_Callback
                0x08007c94        0x2 USB_HOST/Target/usbh_conf.o
                0x08007c94                HAL_HCD_HC_NotifyURBChange_Callback
 .text.HAL_HCD_PortEnabled_Callback
                0x08007c96        0xc USB_HOST/Target/usbh_conf.o
                0x08007c96                HAL_HCD_PortEnabled_Callback
 .text.HAL_HCD_PortDisabled_Callback
                0x08007ca2        0xc USB_HOST/Target/usbh_conf.o
                0x08007ca2                HAL_HCD_PortDisabled_Callback
 *fill*         0x08007cae        0x2 
 .text.USBH_LL_Init
                0x08007cb0       0x54 USB_HOST/Target/usbh_conf.o
                0x08007cb0                USBH_LL_Init
 .text.USBH_LL_GetSpeed
                0x08007d04       0x1c USB_HOST/Target/usbh_conf.o
                0x08007d04                USBH_LL_GetSpeed
 .text.USBH_LL_GetLastXferSize
                0x08007d20        0xc USB_HOST/Target/usbh_conf.o
                0x08007d20                USBH_LL_GetLastXferSize
 .text.USBH_LL_GetURBState
                0x08007d2c        0xc USB_HOST/Target/usbh_conf.o
                0x08007d2c                USBH_LL_GetURBState
 .text.USBH_LL_DriverVBUS
                0x08007d38       0x1c USB_HOST/Target/usbh_conf.o
                0x08007d38                USBH_LL_DriverVBUS
 .text.USBH_LL_SetToggle
                0x08007d54       0x32 USB_HOST/Target/usbh_conf.o
                0x08007d54                USBH_LL_SetToggle
 .text.USBH_Delay
                0x08007d86        0x8 USB_HOST/Target/usbh_conf.o
                0x08007d86                USBH_Delay
 .text.USBH_Get_USB_Status
                0x08007d8e       0x12 USB_HOST/Target/usbh_conf.o
                0x08007d8e                USBH_Get_USB_Status
 .text.USBH_LL_Start
                0x08007da0       0x10 USB_HOST/Target/usbh_conf.o
                0x08007da0                USBH_LL_Start
 .text.USBH_LL_Stop
                0x08007db0       0x10 USB_HOST/Target/usbh_conf.o
                0x08007db0                USBH_LL_Stop
 .text.USBH_LL_ResetPort
                0x08007dc0       0x10 USB_HOST/Target/usbh_conf.o
                0x08007dc0                USBH_LL_ResetPort
 .text.USBH_LL_OpenPipe
                0x08007dd0       0x26 USB_HOST/Target/usbh_conf.o
                0x08007dd0                USBH_LL_OpenPipe
 .text.USBH_LL_ClosePipe
                0x08007df6       0x10 USB_HOST/Target/usbh_conf.o
                0x08007df6                USBH_LL_ClosePipe
 .text.USBH_LL_SubmitURB
                0x08007e06       0x2a USB_HOST/Target/usbh_conf.o
                0x08007e06                USBH_LL_SubmitURB
 .text.MX_DriverVbusFS
                0x08007e30       0x18 USB_HOST/Target/usbh_platform.o
                0x08007e30                MX_DriverVbusFS
 .text.Reset_Handler
                0x08007e48       0x50 startup/startup_stm32f407xx.o
                0x08007e48                Reset_Handler
 .text.Default_Handler
                0x08007e98        0x2 startup/startup_stm32f407xx.o
                0x08007e98                RTC_Alarm_IRQHandler
                0x08007e98                HASH_RNG_IRQHandler
                0x08007e98                EXTI2_IRQHandler
                0x08007e98                TIM8_CC_IRQHandler
                0x08007e98                TIM1_CC_IRQHandler
                0x08007e98                DMA2_Stream5_IRQHandler
                0x08007e98                DMA1_Stream5_IRQHandler
                0x08007e98                PVD_IRQHandler
                0x08007e98                SDIO_IRQHandler
                0x08007e98                TAMP_STAMP_IRQHandler
                0x08007e98                CAN2_RX1_IRQHandler
                0x08007e98                EXTI3_IRQHandler
                0x08007e98                TIM8_TRG_COM_TIM14_IRQHandler
                0x08007e98                TIM1_UP_TIM10_IRQHandler
                0x08007e98                TIM8_UP_TIM13_IRQHandler
                0x08007e98                EXTI0_IRQHandler
                0x08007e98                I2C2_EV_IRQHandler
                0x08007e98                DMA1_Stream2_IRQHandler
                0x08007e98                CAN1_RX0_IRQHandler
                0x08007e98                FPU_IRQHandler
                0x08007e98                OTG_HS_WKUP_IRQHandler
                0x08007e98                CAN2_SCE_IRQHandler
                0x08007e98                DMA2_Stream2_IRQHandler
                0x08007e98                SPI1_IRQHandler
                0x08007e98                TIM6_DAC_IRQHandler
                0x08007e98                TIM1_BRK_TIM9_IRQHandler
                0x08007e98                DCMI_IRQHandler
                0x08007e98                CAN2_RX0_IRQHandler
                0x08007e98                DMA2_Stream3_IRQHandler
                0x08007e98                USART6_IRQHandler
                0x08007e98                USART3_IRQHandler
                0x08007e98                CAN1_RX1_IRQHandler
                0x08007e98                UART5_IRQHandler
                0x08007e98                DMA2_Stream0_IRQHandler
                0x08007e98                TIM4_IRQHandler
                0x08007e98                I2C1_EV_IRQHandler
                0x08007e98                DMA1_Stream6_IRQHandler
                0x08007e98                DMA1_Stream1_IRQHandler
                0x08007e98                UART4_IRQHandler
                0x08007e98                RCC_IRQHandler
                0x08007e98                TIM8_BRK_TIM12_IRQHandler
                0x08007e98                Default_Handler
                0x08007e98                EXTI15_10_IRQHandler
                0x08007e98                ADC_IRQHandler
                0x08007e98                DMA1_Stream7_IRQHandler
                0x08007e98                TIM7_IRQHandler
                0x08007e98                CAN2_TX_IRQHandler
                0x08007e98                TIM5_IRQHandler
                0x08007e98                DMA2_Stream7_IRQHandler
                0x08007e98                EXTI9_5_IRQHandler
                0x08007e98                RTC_WKUP_IRQHandler
                0x08007e98                ETH_WKUP_IRQHandler
                0x08007e98                SPI2_IRQHandler
                0x08007e98                OTG_HS_EP1_IN_IRQHandler
                0x08007e98                DMA1_Stream0_IRQHandler
                0x08007e98                CAN1_TX_IRQHandler
                0x08007e98                EXTI4_IRQHandler
                0x08007e98                FSMC_IRQHandler
                0x08007e98                ETH_IRQHandler
                0x08007e98                OTG_HS_EP1_OUT_IRQHandler
                0x08007e98                WWDG_IRQHandler
                0x08007e98                TIM2_IRQHandler
                0x08007e98                OTG_FS_WKUP_IRQHandler
                0x08007e98                TIM1_TRG_COM_TIM11_IRQHandler
                0x08007e98                OTG_HS_IRQHandler
                0x08007e98                EXTI1_IRQHandler
                0x08007e98                I2C2_ER_IRQHandler
                0x08007e98                DMA2_Stream1_IRQHandler
                0x08007e98                CAN1_SCE_IRQHandler
                0x08007e98                FLASH_IRQHandler
                0x08007e98                DMA2_Stream4_IRQHandler
                0x08007e98                USART1_IRQHandler
                0x08007e98                SPI3_IRQHandler
                0x08007e98                DMA1_Stream4_IRQHandler
                0x08007e98                I2C1_ER_IRQHandler
                0x08007e98                DMA2_Stream6_IRQHandler
                0x08007e98                DMA1_Stream3_IRQHandler
 *fill*         0x08007e9a        0x2 
 .text.__errno  0x08007e9c        0xc g:/research/sw4stm32/plugins/fr.ac6.mcu.externaltools.arm-none.win32_1.17.0.201812190825/tools/compiler/bin/../lib/gcc/arm-none-eabi/7.3.1/../../../../arm-none-eabi/lib/thumb/v7e-m/fpv4-sp/hard\libc_nano.a(lib_a-errno.o)
                0x08007e9c                __errno
 .text.__libc_init_array
                0x08007ea8       0x48 g:/research/sw4stm32/plugins/fr.ac6.mcu.externaltools.arm-none.win32_1.17.0.201812190825/tools/compiler/bin/../lib/gcc/arm-none-eabi/7.3.1/../../../../arm-none-eabi/lib/thumb/v7e-m/fpv4-sp/hard\libc_nano.a(lib_a-init.o)
                0x08007ea8                __libc_init_array
 .text.malloc   0x08007ef0       0x10 g:/research/sw4stm32/plugins/fr.ac6.mcu.externaltools.arm-none.win32_1.17.0.201812190825/tools/compiler/bin/../lib/gcc/arm-none-eabi/7.3.1/../../../../arm-none-eabi/lib/thumb/v7e-m/fpv4-sp/hard\libc_nano.a(lib_a-malloc.o)
                0x08007ef0                malloc
 .text.free     0x08007f00       0x10 g:/research/sw4stm32/plugins/fr.ac6.mcu.externaltools.arm-none.win32_1.17.0.201812190825/tools/compiler/bin/../lib/gcc/arm-none-eabi/7.3.1/../../../../arm-none-eabi/lib/thumb/v7e-m/fpv4-sp/hard\libc_nano.a(lib_a-malloc.o)
                0x08007f00                free
 .text.memset   0x08007f10       0x10 g:/research/sw4stm32/plugins/fr.ac6.mcu.externaltools.arm-none.win32_1.17.0.201812190825/tools/compiler/bin/../lib/gcc/arm-none-eabi/7.3.1/../../../../arm-none-eabi/lib/thumb/v7e-m/fpv4-sp/hard\libc_nano.a(lib_a-memset.o)
                0x08007f10                memset
 .text._free_r  0x08007f20       0x9c g:/research/sw4stm32/plugins/fr.ac6.mcu.externaltools.arm-none.win32_1.17.0.201812190825/tools/compiler/bin/../lib/gcc/arm-none-eabi/7.3.1/../../../../arm-none-eabi/lib/thumb/v7e-m/fpv4-sp/hard\libc_nano.a(lib_a-nano-freer.o)
                0x08007f20                _free_r
 .text._malloc_r
                0x08007fbc       0xb4 g:/research/sw4stm32/plugins/fr.ac6.mcu.externaltools.arm-none.win32_1.17.0.201812190825/tools/compiler/bin/../lib/gcc/arm-none-eabi/7.3.1/../../../../arm-none-eabi/lib/thumb/v7e-m/fpv4-sp/hard\libc_nano.a(lib_a-nano-mallocr.o)
                0x08007fbc                _malloc_r
 .text._sbrk_r  0x08008070       0x20 g:/research/sw4stm32/plugins/fr.ac6.mcu.externaltools.arm-none.win32_1.17.0.201812190825/tools/compiler/bin/../lib/gcc/arm-none-eabi/7.3.1/../../../../arm-none-eabi/lib/thumb/v7e-m/fpv4-sp/hard\libc_nano.a(lib_a-sbrkr.o)
                0x08008070                _sbrk_r
 .text.__malloc_lock
                0x08008090        0x2 g:/research/sw4stm32/plugins/fr.ac6.mcu.externaltools.arm-none.win32_1.17.0.201812190825/tools/compiler/bin/../lib/gcc/arm-none-eabi/7.3.1/../../../../arm-none-eabi/lib/thumb/v7e-m/fpv4-sp/hard\libc_nano.a(lib_a-mlock.o)
                0x08008090                __malloc_lock
 .text.__malloc_unlock
                0x08008092        0x2 g:/research/sw4stm32/plugins/fr.ac6.mcu.externaltools.arm-none.win32_1.17.0.201812190825/tools/compiler/bin/../lib/gcc/arm-none-eabi/7.3.1/../../../../arm-none-eabi/lib/thumb/v7e-m/fpv4-sp/hard\libc_nano.a(lib_a-mlock.o)
                0x08008092                __malloc_unlock
 *(.glue_7)
 .glue_7        0x08008094        0x0 linker stubs
 *(.glue_7t)
 .glue_7t       0x08008094        0x0 linker stubs
 *(.eh_frame)
 .eh_frame      0x08008094        0x0 g:/research/sw4stm32/plugins/fr.ac6.mcu.externaltools.arm-none.win32_1.17.0.201812190825/tools/compiler/bin/../lib/gcc/arm-none-eabi/7.3.1/thumb/v7e-m/fpv4-sp/hard/crtbegin.o
 *(.init)
 .init          0x08008094        0x4 g:/research/sw4stm32/plugins/fr.ac6.mcu.externaltools.arm-none.win32_1.17.0.201812190825/tools/compiler/bin/../lib/gcc/arm-none-eabi/7.3.1/thumb/v7e-m/fpv4-sp/hard/crti.o
                0x08008094                _init
 .init          0x08008098        0x8 g:/research/sw4stm32/plugins/fr.ac6.mcu.externaltools.arm-none.win32_1.17.0.201812190825/tools/compiler/bin/../lib/gcc/arm-none-eabi/7.3.1/thumb/v7e-m/fpv4-sp/hard/crtn.o
 *(.fini)
 .fini          0x080080a0        0x4 g:/research/sw4stm32/plugins/fr.ac6.mcu.externaltools.arm-none.win32_1.17.0.201812190825/tools/compiler/bin/../lib/gcc/arm-none-eabi/7.3.1/thumb/v7e-m/fpv4-sp/hard/crti.o
                0x080080a0                _fini
 .fini          0x080080a4        0x8 g:/research/sw4stm32/plugins/fr.ac6.mcu.externaltools.arm-none.win32_1.17.0.201812190825/tools/compiler/bin/../lib/gcc/arm-none-eabi/7.3.1/thumb/v7e-m/fpv4-sp/hard/crtn.o
                0x080080ac                . = ALIGN (0x4)
                0x080080ac                _etext = .

.vfp11_veneer   0x080080ac        0x0
 .vfp11_veneer  0x080080ac        0x0 linker stubs

.v4_bx          0x080080ac        0x0
 .v4_bx         0x080080ac        0x0 linker stubs

.iplt           0x080080ac        0x0
 .iplt          0x080080ac        0x0 g:/research/sw4stm32/plugins/fr.ac6.mcu.externaltools.arm-none.win32_1.17.0.201812190825/tools/compiler/bin/../lib/gcc/arm-none-eabi/7.3.1/thumb/v7e-m/fpv4-sp/hard/crtbegin.o

.rodata         0x080080ac       0x1c
                0x080080ac                . = ALIGN (0x4)
 *(.rodata)
 .rodata        0x080080ac       0x18 Core/Src/system_stm32f4xx.o
                0x080080ac                AHBPrescTable
                0x080080bc                APBPrescTable
 *(.rodata*)
 .rodata.str1.4
                0x080080c4        0x4 Middlewares/ST/STM32_USB_Host_Library/Class/CDC/Src/usbh_cdc.o
                0x080080c8                . = ALIGN (0x4)

.ARM.extab
 *(.ARM.extab* .gnu.linkonce.armextab.*)

.ARM            0x080080c8        0x8
                0x080080c8                __exidx_start = .
 *(.ARM.exidx*)
 .ARM.exidx     0x080080c8        0x8 g:/research/sw4stm32/plugins/fr.ac6.mcu.externaltools.arm-none.win32_1.17.0.201812190825/tools/compiler/bin/../lib/gcc/arm-none-eabi/7.3.1/thumb/v7e-m/fpv4-sp/hard\libgcc.a(_udivmoddi4.o)
                0x080080d0                __exidx_end = .

.rel.dyn        0x080080d0        0x0
 .rel.iplt      0x080080d0        0x0 g:/research/sw4stm32/plugins/fr.ac6.mcu.externaltools.arm-none.win32_1.17.0.201812190825/tools/compiler/bin/../lib/gcc/arm-none-eabi/7.3.1/thumb/v7e-m/fpv4-sp/hard/crtbegin.o

.preinit_array  0x080080d0        0x0
                0x080080d0                PROVIDE (__preinit_array_start = .)
 *(.preinit_array*)
                0x080080d0                PROVIDE (__preinit_array_end = .)

.init_array     0x080080d0        0x4
                0x080080d0                PROVIDE (__init_array_start = .)
 *(SORT_BY_NAME(.init_array.*))
 *(.init_array*)
 .init_array    0x080080d0        0x4 g:/research/sw4stm32/plugins/fr.ac6.mcu.externaltools.arm-none.win32_1.17.0.201812190825/tools/compiler/bin/../lib/gcc/arm-none-eabi/7.3.1/thumb/v7e-m/fpv4-sp/hard/crtbegin.o
                0x080080d4                PROVIDE (__init_array_end = .)

.fini_array     0x080080d4        0x4
                [!provide]                PROVIDE (__fini_array_start = .)
 *(SORT_BY_NAME(.fini_array.*))
 *(.fini_array*)
 .fini_array    0x080080d4        0x4 g:/research/sw4stm32/plugins/fr.ac6.mcu.externaltools.arm-none.win32_1.17.0.201812190825/tools/compiler/bin/../lib/gcc/arm-none-eabi/7.3.1/thumb/v7e-m/fpv4-sp/hard/crtbegin.o
                [!provide]                PROVIDE (__fini_array_end = .)
                0x080080d8                _sidata = LOADADDR (.data)

.data           0x20000000       0xc8 load address 0x080080d8
                0x20000000                . = ALIGN (0x4)
                0x20000000                _sdata = .
 *(.data)
 .data          0x20000000       0x38 Core/Src/main.o
                0x20000000                myTOFsensor
                0x2000001c                myTOFsensor2
 .data          0x20000038        0x4 Core/Src/system_stm32f4xx.o
                0x20000038                SystemCoreClock
 .data          0x2000003c        0x8 Drivers/STM32F4xx_HAL_Driver/Src/stm32f4xx_hal.o
                0x2000003c                uwTickFreq
                0x20000040                uwTickPrio
 .data          0x20000044       0x20 Middlewares/ST/STM32_USB_Host_Library/Class/CDC/Src/usbh_cdc.o
                0x20000044                CDC_Class
 *(.data*)
 .data._impure_ptr
                0x20000064        0x4 g:/research/sw4stm32/plugins/fr.ac6.mcu.externaltools.arm-none.win32_1.17.0.201812190825/tools/compiler/bin/../lib/gcc/arm-none-eabi/7.3.1/../../../../arm-none-eabi/lib/thumb/v7e-m/fpv4-sp/hard\libc_nano.a(lib_a-impure.o)
                0x20000064                _impure_ptr
 .data.impure_data
                0x20000068       0x60 g:/research/sw4stm32/plugins/fr.ac6.mcu.externaltools.arm-none.win32_1.17.0.201812190825/tools/compiler/bin/../lib/gcc/arm-none-eabi/7.3.1/../../../../arm-none-eabi/lib/thumb/v7e-m/fpv4-sp/hard\libc_nano.a(lib_a-impure.o)
                0x200000c8                . = ALIGN (0x4)
                0x200000c8                _edata = .
                0x080081a0                _siccmram = LOADADDR (.ccmram)

.igot.plt       0x200000c8        0x0 load address 0x080081a0
 .igot.plt      0x200000c8        0x0 g:/research/sw4stm32/plugins/fr.ac6.mcu.externaltools.arm-none.win32_1.17.0.201812190825/tools/compiler/bin/../lib/gcc/arm-none-eabi/7.3.1/thumb/v7e-m/fpv4-sp/hard/crtbegin.o

.ccmram         0x10000000        0x0 load address 0x080081a0
                0x10000000                . = ALIGN (0x4)
                0x10000000                _sccmram = .
 *(.ccmram)
 *(.ccmram*)
                0x10000000                . = ALIGN (0x4)
                0x10000000                _eccmram = .
                0x10000000                . = ALIGN (0x4)

.bss            0x200000c8      0x8ac
                0x200000c8                _sbss = .
                0x200000c8                __bss_start__ = _sbss
 *(.bss)
 .bss           0x200000c8       0x1c g:/research/sw4stm32/plugins/fr.ac6.mcu.externaltools.arm-none.win32_1.17.0.201812190825/tools/compiler/bin/../lib/gcc/arm-none-eabi/7.3.1/thumb/v7e-m/fpv4-sp/hard/crtbegin.o
 .bss           0x200000e4        0x8 Core/Src/syscalls.o
                0x200000e8                __env
 .bss           0x200000ec        0x4 Drivers/STM32F4xx_HAL_Driver/Src/stm32f4xx_ll_usb.o
 .bss           0x200000f0        0x1 USB_HOST/App/usb_host.o
                0x200000f0                Appli_state
 *(.bss*)
 *fill*         0x200000f1        0x3 
 .bss.__malloc_free_list
                0x200000f4        0x4 g:/research/sw4stm32/plugins/fr.ac6.mcu.externaltools.arm-none.win32_1.17.0.201812190825/tools/compiler/bin/../lib/gcc/arm-none-eabi/7.3.1/../../../../arm-none-eabi/lib/thumb/v7e-m/fpv4-sp/hard\libc_nano.a(lib_a-nano-mallocr.o)
                0x200000f4                __malloc_free_list
 .bss.__malloc_sbrk_start
                0x200000f8        0x4 g:/research/sw4stm32/plugins/fr.ac6.mcu.externaltools.arm-none.win32_1.17.0.201812190825/tools/compiler/bin/../lib/gcc/arm-none-eabi/7.3.1/../../../../arm-none-eabi/lib/thumb/v7e-m/fpv4-sp/hard\libc_nano.a(lib_a-nano-mallocr.o)
                0x200000f8                __malloc_sbrk_start
 *(COMMON)
 COMMON         0x200000fc      0x1d4 Core/Src/main.o
                0x200000fc                hi2c3
                0x20000150                hi2c1
                0x200001a4                htim3
                0x200001e4                mag_val_00xx
                0x200001e5                mag_val_xx00
                0x200001e6                tick
                0x200001e8                value_vl53_1
                0x200001ea                value_vl53_2
                0x200001ec                hspi1
                0x20000244                huart2
                0x20000284                mag_val
                0x20000288                hi2s3
 COMMON         0x200002d0        0x4 Drivers/STM32F4xx_HAL_Driver/Src/stm32f4xx_hal.o
                0x200002d0                uwTick
 COMMON         0x200002d4      0x3d8 USB_HOST/App/usb_host.o
                0x200002d4                hUsbHostFS
 COMMON         0x200006ac      0x2c4 USB_HOST/Target/usbh_conf.o
                0x200006ac                hhcd_USB_OTG_FS
 COMMON         0x20000970        0x4 g:/research/sw4stm32/plugins/fr.ac6.mcu.externaltools.arm-none.win32_1.17.0.201812190825/tools/compiler/bin/../lib/gcc/arm-none-eabi/7.3.1/../../../../arm-none-eabi/lib/thumb/v7e-m/fpv4-sp/hard\libc_nano.a(lib_a-reent.o)
                0x20000970                errno
                0x20000974                . = ALIGN (0x4)
                0x20000974                _ebss = .
                0x20000974                __bss_end__ = _ebss

._user_heap_stack
                0x20000974      0x604
                0x20000978                . = ALIGN (0x8)
 *fill*         0x20000974        0x4 
                0x20000978                PROVIDE (end = .)
                [!provide]                PROVIDE (_end = .)
                0x20000b78                . = (. + _Min_Heap_Size)
 *fill*         0x20000978      0x200 
                0x20000f78                . = (. + _Min_Stack_Size)
 *fill*         0x20000b78      0x400 
                0x20000f78                . = ALIGN (0x8)

/DISCARD/
 libc.a(*)
 libm.a(*)
 libgcc.a(*)

.ARM.attributes
                0x00000000       0x30
 *(.ARM.attributes)
 .ARM.attributes
                0x00000000       0x22 g:/research/sw4stm32/plugins/fr.ac6.mcu.externaltools.arm-none.win32_1.17.0.201812190825/tools/compiler/bin/../lib/gcc/arm-none-eabi/7.3.1/thumb/v7e-m/fpv4-sp/hard/crti.o
 .ARM.attributes
                0x00000022       0x34 g:/research/sw4stm32/plugins/fr.ac6.mcu.externaltools.arm-none.win32_1.17.0.201812190825/tools/compiler/bin/../lib/gcc/arm-none-eabi/7.3.1/thumb/v7e-m/fpv4-sp/hard/crtbegin.o
 .ARM.attributes
                0x00000056       0x39 Core/Src/VL53L0X.o
 .ARM.attributes
                0x0000008f       0x39 Core/Src/i2c.o
 .ARM.attributes
                0x000000c8       0x39 Core/Src/main.o
 .ARM.attributes
                0x00000101       0x39 Core/Src/stm32f4xx_hal_msp.o
 .ARM.attributes
                0x0000013a       0x39 Core/Src/stm32f4xx_it.o
 .ARM.attributes
                0x00000173       0x39 Core/Src/syscalls.o
 .ARM.attributes
                0x000001ac       0x39 Core/Src/system_stm32f4xx.o
 .ARM.attributes
                0x000001e5       0x39 Drivers/STM32F4xx_HAL_Driver/Src/stm32f4xx_hal.o
 .ARM.attributes
                0x0000021e       0x39 Drivers/STM32F4xx_HAL_Driver/Src/stm32f4xx_hal_cortex.o
 .ARM.attributes
                0x00000257       0x39 Drivers/STM32F4xx_HAL_Driver/Src/stm32f4xx_hal_dma.o
 .ARM.attributes
                0x00000290       0x39 Drivers/STM32F4xx_HAL_Driver/Src/stm32f4xx_hal_gpio.o
 .ARM.attributes
                0x000002c9       0x39 Drivers/STM32F4xx_HAL_Driver/Src/stm32f4xx_hal_hcd.o
 .ARM.attributes
                0x00000302       0x39 Drivers/STM32F4xx_HAL_Driver/Src/stm32f4xx_hal_i2c.o
 .ARM.attributes
                0x0000033b       0x39 Drivers/STM32F4xx_HAL_Driver/Src/stm32f4xx_hal_i2s.o
 .ARM.attributes
                0x00000374       0x39 Drivers/STM32F4xx_HAL_Driver/Src/stm32f4xx_hal_i2s_ex.o
 .ARM.attributes
                0x000003ad       0x39 Drivers/STM32F4xx_HAL_Driver/Src/stm32f4xx_hal_rcc.o
 .ARM.attributes
                0x000003e6       0x39 Drivers/STM32F4xx_HAL_Driver/Src/stm32f4xx_hal_rcc_ex.o
 .ARM.attributes
                0x0000041f       0x39 Drivers/STM32F4xx_HAL_Driver/Src/stm32f4xx_hal_spi.o
 .ARM.attributes
                0x00000458       0x39 Drivers/STM32F4xx_HAL_Driver/Src/stm32f4xx_hal_tim.o
 .ARM.attributes
                0x00000491       0x39 Drivers/STM32F4xx_HAL_Driver/Src/stm32f4xx_hal_tim_ex.o
 .ARM.attributes
                0x000004ca       0x39 Drivers/STM32F4xx_HAL_Driver/Src/stm32f4xx_hal_uart.o
 .ARM.attributes
                0x00000503       0x39 Drivers/STM32F4xx_HAL_Driver/Src/stm32f4xx_ll_usb.o
 .ARM.attributes
                0x0000053c       0x39 Middlewares/ST/STM32_USB_Host_Library/Class/CDC/Src/usbh_cdc.o
 .ARM.attributes
                0x00000575       0x39 Middlewares/ST/STM32_USB_Host_Library/Core/Src/usbh_core.o
 .ARM.attributes
                0x000005ae       0x39 Middlewares/ST/STM32_USB_Host_Library/Core/Src/usbh_ctlreq.o
 .ARM.attributes
                0x000005e7       0x39 Middlewares/ST/STM32_USB_Host_Library/Core/Src/usbh_ioreq.o
 .ARM.attributes
                0x00000620       0x39 Middlewares/ST/STM32_USB_Host_Library/Core/Src/usbh_pipes.o
 .ARM.attributes
                0x00000659       0x39 USB_HOST/App/usb_host.o
 .ARM.attributes
                0x00000692       0x39 USB_HOST/Target/usbh_conf.o
 .ARM.attributes
                0x000006cb       0x39 USB_HOST/Target/usbh_platform.o
 .ARM.attributes
                0x00000704       0x21 startup/startup_stm32f407xx.o
 .ARM.attributes
                0x00000725       0x22 g:/research/sw4stm32/plugins/fr.ac6.mcu.externaltools.arm-none.win32_1.17.0.201812190825/tools/compiler/bin/../lib/gcc/arm-none-eabi/7.3.1/thumb/v7e-m/fpv4-sp/hard\libgcc.a(_arm_addsubdf3.o)
 .ARM.attributes
                0x00000747       0x22 g:/research/sw4stm32/plugins/fr.ac6.mcu.externaltools.arm-none.win32_1.17.0.201812190825/tools/compiler/bin/../lib/gcc/arm-none-eabi/7.3.1/thumb/v7e-m/fpv4-sp/hard\libgcc.a(_arm_cmpdf2.o)
 .ARM.attributes
                0x00000769       0x22 g:/research/sw4stm32/plugins/fr.ac6.mcu.externaltools.arm-none.win32_1.17.0.201812190825/tools/compiler/bin/../lib/gcc/arm-none-eabi/7.3.1/thumb/v7e-m/fpv4-sp/hard\libgcc.a(_aeabi_uldivmod.o)
 .ARM.attributes
                0x0000078b       0x34 g:/research/sw4stm32/plugins/fr.ac6.mcu.externaltools.arm-none.win32_1.17.0.201812190825/tools/compiler/bin/../lib/gcc/arm-none-eabi/7.3.1/thumb/v7e-m/fpv4-sp/hard\libgcc.a(_udivmoddi4.o)
 .ARM.attributes
                0x000007bf       0x22 g:/research/sw4stm32/plugins/fr.ac6.mcu.externaltools.arm-none.win32_1.17.0.201812190825/tools/compiler/bin/../lib/gcc/arm-none-eabi/7.3.1/thumb/v7e-m/fpv4-sp/hard\libgcc.a(_dvmd_tls.o)
 .ARM.attributes
                0x000007e1       0x34 g:/research/sw4stm32/plugins/fr.ac6.mcu.externaltools.arm-none.win32_1.17.0.201812190825/tools/compiler/bin/../lib/gcc/arm-none-eabi/7.3.1/../../../../arm-none-eabi/lib/thumb/v7e-m/fpv4-sp/hard\libc_nano.a(lib_a-errno.o)
 .ARM.attributes
                0x00000815       0x34 g:/research/sw4stm32/plugins/fr.ac6.mcu.externaltools.arm-none.win32_1.17.0.201812190825/tools/compiler/bin/../lib/gcc/arm-none-eabi/7.3.1/../../../../arm-none-eabi/lib/thumb/v7e-m/fpv4-sp/hard\libc_nano.a(lib_a-impure.o)
 .ARM.attributes
                0x00000849       0x34 g:/research/sw4stm32/plugins/fr.ac6.mcu.externaltools.arm-none.win32_1.17.0.201812190825/tools/compiler/bin/../lib/gcc/arm-none-eabi/7.3.1/../../../../arm-none-eabi/lib/thumb/v7e-m/fpv4-sp/hard\libc_nano.a(lib_a-init.o)
 .ARM.attributes
                0x0000087d       0x34 g:/research/sw4stm32/plugins/fr.ac6.mcu.externaltools.arm-none.win32_1.17.0.201812190825/tools/compiler/bin/../lib/gcc/arm-none-eabi/7.3.1/../../../../arm-none-eabi/lib/thumb/v7e-m/fpv4-sp/hard\libc_nano.a(lib_a-malloc.o)
 .ARM.attributes
                0x000008b1       0x34 g:/research/sw4stm32/plugins/fr.ac6.mcu.externaltools.arm-none.win32_1.17.0.201812190825/tools/compiler/bin/../lib/gcc/arm-none-eabi/7.3.1/../../../../arm-none-eabi/lib/thumb/v7e-m/fpv4-sp/hard\libc_nano.a(lib_a-memset.o)
 .ARM.attributes
                0x000008e5       0x34 g:/research/sw4stm32/plugins/fr.ac6.mcu.externaltools.arm-none.win32_1.17.0.201812190825/tools/compiler/bin/../lib/gcc/arm-none-eabi/7.3.1/../../../../arm-none-eabi/lib/thumb/v7e-m/fpv4-sp/hard\libc_nano.a(lib_a-nano-freer.o)
 .ARM.attributes
                0x00000919       0x34 g:/research/sw4stm32/plugins/fr.ac6.mcu.externaltools.arm-none.win32_1.17.0.201812190825/tools/compiler/bin/../lib/gcc/arm-none-eabi/7.3.1/../../../../arm-none-eabi/lib/thumb/v7e-m/fpv4-sp/hard\libc_nano.a(lib_a-nano-mallocr.o)
 .ARM.attributes
                0x0000094d       0x34 g:/research/sw4stm32/plugins/fr.ac6.mcu.externaltools.arm-none.win32_1.17.0.201812190825/tools/compiler/bin/../lib/gcc/arm-none-eabi/7.3.1/../../../../arm-none-eabi/lib/thumb/v7e-m/fpv4-sp/hard\libc_nano.a(lib_a-sbrkr.o)
 .ARM.attributes
                0x00000981       0x34 g:/research/sw4stm32/plugins/fr.ac6.mcu.externaltools.arm-none.win32_1.17.0.201812190825/tools/compiler/bin/../lib/gcc/arm-none-eabi/7.3.1/../../../../arm-none-eabi/lib/thumb/v7e-m/fpv4-sp/hard\libc_nano.a(lib_a-mlock.o)
 .ARM.attributes
                0x000009b5       0x34 g:/research/sw4stm32/plugins/fr.ac6.mcu.externaltools.arm-none.win32_1.17.0.201812190825/tools/compiler/bin/../lib/gcc/arm-none-eabi/7.3.1/../../../../arm-none-eabi/lib/thumb/v7e-m/fpv4-sp/hard\libc_nano.a(lib_a-reent.o)
 .ARM.attributes
                0x000009e9       0x22 g:/research/sw4stm32/plugins/fr.ac6.mcu.externaltools.arm-none.win32_1.17.0.201812190825/tools/compiler/bin/../lib/gcc/arm-none-eabi/7.3.1/thumb/v7e-m/fpv4-sp/hard/crtn.o
OUTPUT(Cyi_lib_vl53l0x.elf elf32-littlearm)

.debug_info     0x00000000    0x28d31
 .debug_info    0x00000000     0x311a Core/Src/VL53L0X.o
 .debug_info    0x0000311a      0x75b Core/Src/i2c.o
 .debug_info    0x00003875     0x1e6d Core/Src/main.o
 .debug_info    0x000056e2     0x1a07 Core/Src/stm32f4xx_hal_msp.o
 .debug_info    0x000070e9     0x1254 Core/Src/stm32f4xx_it.o
 .debug_info    0x0000833d      0xfd3 Core/Src/syscalls.o
 .debug_info    0x00009310      0x559 Core/Src/system_stm32f4xx.o
 .debug_info    0x00009869      0x9f1 Drivers/STM32F4xx_HAL_Driver/Src/stm32f4xx_hal.o
 .debug_info    0x0000a25a      0xf8c Drivers/STM32F4xx_HAL_Driver/Src/stm32f4xx_hal_cortex.o
 .debug_info    0x0000b1e6      0xaad Drivers/STM32F4xx_HAL_Driver/Src/stm32f4xx_hal_dma.o
 .debug_info    0x0000bc93      0x7c2 Drivers/STM32F4xx_HAL_Driver/Src/stm32f4xx_hal_gpio.o
 .debug_info    0x0000c455     0x130a Drivers/STM32F4xx_HAL_Driver/Src/stm32f4xx_hal_hcd.o
 .debug_info    0x0000d75f     0x33da Drivers/STM32F4xx_HAL_Driver/Src/stm32f4xx_hal_i2c.o
 .debug_info    0x00010b39     0x10d1 Drivers/STM32F4xx_HAL_Driver/Src/stm32f4xx_hal_i2s.o
 .debug_info    0x00011c0a      0xdeb Drivers/STM32F4xx_HAL_Driver/Src/stm32f4xx_hal_i2s_ex.o
 .debug_info    0x000129f5      0xa94 Drivers/STM32F4xx_HAL_Driver/Src/stm32f4xx_hal_rcc.o
 .debug_info    0x00013489      0x6b5 Drivers/STM32F4xx_HAL_Driver/Src/stm32f4xx_hal_rcc_ex.o
 .debug_info    0x00013b3e     0x1bfb Drivers/STM32F4xx_HAL_Driver/Src/stm32f4xx_hal_spi.o
 .debug_info    0x00015739     0x31db Drivers/STM32F4xx_HAL_Driver/Src/stm32f4xx_hal_tim.o
 .debug_info    0x00018914     0x14e9 Drivers/STM32F4xx_HAL_Driver/Src/stm32f4xx_hal_tim_ex.o
 .debug_info    0x00019dfd     0x171d Drivers/STM32F4xx_HAL_Driver/Src/stm32f4xx_hal_uart.o
 .debug_info    0x0001b51a     0x1b51 Drivers/STM32F4xx_HAL_Driver/Src/stm32f4xx_ll_usb.o
 .debug_info    0x0001d06b     0x1f09 Middlewares/ST/STM32_USB_Host_Library/Class/CDC/Src/usbh_cdc.o
 .debug_info    0x0001ef74     0x1ca6 Middlewares/ST/STM32_USB_Host_Library/Core/Src/usbh_core.o
 .debug_info    0x00020c1a     0x1ae8 Middlewares/ST/STM32_USB_Host_Library/Core/Src/usbh_ctlreq.o
 .debug_info    0x00022702     0x16fb Middlewares/ST/STM32_USB_Host_Library/Core/Src/usbh_ioreq.o
 .debug_info    0x00023dfd     0x13a3 Middlewares/ST/STM32_USB_Host_Library/Core/Src/usbh_pipes.o
 .debug_info    0x000251a0     0x1345 USB_HOST/App/usb_host.o
 .debug_info    0x000264e5     0x2587 USB_HOST/Target/usbh_conf.o
 .debug_info    0x00028a6c      0x2a3 USB_HOST/Target/usbh_platform.o
 .debug_info    0x00028d0f       0x22 startup/startup_stm32f407xx.o

.debug_abbrev   0x00000000     0x48c3
 .debug_abbrev  0x00000000      0x2cb Core/Src/VL53L0X.o
 .debug_abbrev  0x000002cb      0x179 Core/Src/i2c.o
 .debug_abbrev  0x00000444      0x259 Core/Src/main.o
 .debug_abbrev  0x0000069d      0x203 Core/Src/stm32f4xx_hal_msp.o
 .debug_abbrev  0x000008a0      0x203 Core/Src/stm32f4xx_it.o
 .debug_abbrev  0x00000aa3      0x2d4 Core/Src/syscalls.o
 .debug_abbrev  0x00000d77      0x12b Core/Src/system_stm32f4xx.o
 .debug_abbrev  0x00000ea2      0x1ed Drivers/STM32F4xx_HAL_Driver/Src/stm32f4xx_hal.o
 .debug_abbrev  0x0000108f      0x328 Drivers/STM32F4xx_HAL_Driver/Src/stm32f4xx_hal_cortex.o
 .debug_abbrev  0x000013b7      0x290 Drivers/STM32F4xx_HAL_Driver/Src/stm32f4xx_hal_dma.o
 .debug_abbrev  0x00001647      0x1e7 Drivers/STM32F4xx_HAL_Driver/Src/stm32f4xx_hal_gpio.o
 .debug_abbrev  0x0000182e      0x27f Drivers/STM32F4xx_HAL_Driver/Src/stm32f4xx_hal_hcd.o
 .debug_abbrev  0x00001aad      0x275 Drivers/STM32F4xx_HAL_Driver/Src/stm32f4xx_hal_i2c.o
 .debug_abbrev  0x00001d22      0x243 Drivers/STM32F4xx_HAL_Driver/Src/stm32f4xx_hal_i2s.o
 .debug_abbrev  0x00001f65      0x281 Drivers/STM32F4xx_HAL_Driver/Src/stm32f4xx_hal_i2s_ex.o
 .debug_abbrev  0x000021e6      0x273 Drivers/STM32F4xx_HAL_Driver/Src/stm32f4xx_hal_rcc.o
 .debug_abbrev  0x00002459      0x179 Drivers/STM32F4xx_HAL_Driver/Src/stm32f4xx_hal_rcc_ex.o
 .debug_abbrev  0x000025d2      0x249 Drivers/STM32F4xx_HAL_Driver/Src/stm32f4xx_hal_spi.o
 .debug_abbrev  0x0000281b      0x226 Drivers/STM32F4xx_HAL_Driver/Src/stm32f4xx_hal_tim.o
 .debug_abbrev  0x00002a41      0x237 Drivers/STM32F4xx_HAL_Driver/Src/stm32f4xx_hal_tim_ex.o
 .debug_abbrev  0x00002c78      0x288 Drivers/STM32F4xx_HAL_Driver/Src/stm32f4xx_hal_uart.o
 .debug_abbrev  0x00002f00      0x2a8 Drivers/STM32F4xx_HAL_Driver/Src/stm32f4xx_ll_usb.o
 .debug_abbrev  0x000031a8      0x359 Middlewares/ST/STM32_USB_Host_Library/Class/CDC/Src/usbh_cdc.o
 .debug_abbrev  0x00003501      0x382 Middlewares/ST/STM32_USB_Host_Library/Core/Src/usbh_core.o
 .debug_abbrev  0x00003883      0x363 Middlewares/ST/STM32_USB_Host_Library/Core/Src/usbh_ctlreq.o
 .debug_abbrev  0x00003be6      0x292 Middlewares/ST/STM32_USB_Host_Library/Core/Src/usbh_ioreq.o
 .debug_abbrev  0x00003e78      0x2cc Middlewares/ST/STM32_USB_Host_Library/Core/Src/usbh_pipes.o
 .debug_abbrev  0x00004144      0x2b5 USB_HOST/App/usb_host.o
 .debug_abbrev  0x000043f9      0x38a USB_HOST/Target/usbh_conf.o
 .debug_abbrev  0x00004783      0x12e USB_HOST/Target/usbh_platform.o
 .debug_abbrev  0x000048b1       0x12 startup/startup_stm32f407xx.o

.debug_loc      0x00000000    0x14ebc
 .debug_loc     0x00000000      0xbd9 Core/Src/VL53L0X.o
 .debug_loc     0x00000bd9      0x108 Core/Src/i2c.o
 .debug_loc     0x00000ce1      0x25d Core/Src/stm32f4xx_hal_msp.o
 .debug_loc     0x00000f3e      0x3af Core/Src/syscalls.o
 .debug_loc     0x000012ed      0x13e Core/Src/system_stm32f4xx.o
 .debug_loc     0x0000142b      0x11b Drivers/STM32F4xx_HAL_Driver/Src/stm32f4xx_hal.o
 .debug_loc     0x00001546      0x5ce Drivers/STM32F4xx_HAL_Driver/Src/stm32f4xx_hal_cortex.o
 .debug_loc     0x00001b14      0xb4e Drivers/STM32F4xx_HAL_Driver/Src/stm32f4xx_hal_dma.o
 .debug_loc     0x00002662      0x476 Drivers/STM32F4xx_HAL_Driver/Src/stm32f4xx_hal_gpio.o
 .debug_loc     0x00002ad8      0xbf9 Drivers/STM32F4xx_HAL_Driver/Src/stm32f4xx_hal_hcd.o
 .debug_loc     0x000036d1     0x37ae Drivers/STM32F4xx_HAL_Driver/Src/stm32f4xx_hal_i2c.o
 .debug_loc     0x00006e7f      0xcf8 Drivers/STM32F4xx_HAL_Driver/Src/stm32f4xx_hal_i2s.o
 .debug_loc     0x00007b77      0xa81 Drivers/STM32F4xx_HAL_Driver/Src/stm32f4xx_hal_i2s_ex.o
 .debug_loc     0x000085f8      0x40f Drivers/STM32F4xx_HAL_Driver/Src/stm32f4xx_hal_rcc.o
 .debug_loc     0x00008a07      0x2c7 Drivers/STM32F4xx_HAL_Driver/Src/stm32f4xx_hal_rcc_ex.o
 .debug_loc     0x00008cce     0x1a09 Drivers/STM32F4xx_HAL_Driver/Src/stm32f4xx_hal_spi.o
 .debug_loc     0x0000a6d7     0x3888 Drivers/STM32F4xx_HAL_Driver/Src/stm32f4xx_hal_tim.o
 .debug_loc     0x0000df5f     0x11a0 Drivers/STM32F4xx_HAL_Driver/Src/stm32f4xx_hal_tim_ex.o
 .debug_loc     0x0000f0ff     0x1599 Drivers/STM32F4xx_HAL_Driver/Src/stm32f4xx_hal_uart.o
 .debug_loc     0x00010698     0x1eca Drivers/STM32F4xx_HAL_Driver/Src/stm32f4xx_ll_usb.o
 .debug_loc     0x00012562      0x612 Middlewares/ST/STM32_USB_Host_Library/Class/CDC/Src/usbh_cdc.o
 .debug_loc     0x00012b74      0x84c Middlewares/ST/STM32_USB_Host_Library/Core/Src/usbh_core.o
 .debug_loc     0x000133c0      0xbc3 Middlewares/ST/STM32_USB_Host_Library/Core/Src/usbh_ctlreq.o
 .debug_loc     0x00013f83      0x50f Middlewares/ST/STM32_USB_Host_Library/Core/Src/usbh_ioreq.o
 .debug_loc     0x00014492      0x1be Middlewares/ST/STM32_USB_Host_Library/Core/Src/usbh_pipes.o
 .debug_loc     0x00014650      0x817 USB_HOST/Target/usbh_conf.o
 .debug_loc     0x00014e67       0x55 USB_HOST/Target/usbh_platform.o

.debug_aranges  0x00000000     0x1a10
 .debug_aranges
                0x00000000      0x110 Core/Src/VL53L0X.o
 .debug_aranges
                0x00000110       0x28 Core/Src/i2c.o
 .debug_aranges
                0x00000138       0x68 Core/Src/main.o
 .debug_aranges
                0x000001a0       0x70 Core/Src/stm32f4xx_hal_msp.o
 .debug_aranges
                0x00000210       0x88 Core/Src/stm32f4xx_it.o
 .debug_aranges
                0x00000298       0xb0 Core/Src/syscalls.o
 .debug_aranges
                0x00000348       0x28 Core/Src/system_stm32f4xx.o
 .debug_aranges
                0x00000370       0xf0 Drivers/STM32F4xx_HAL_Driver/Src/stm32f4xx_hal.o
 .debug_aranges
                0x00000460       0xa8 Drivers/STM32F4xx_HAL_Driver/Src/stm32f4xx_hal_cortex.o
 .debug_aranges
                0x00000508       0x90 Drivers/STM32F4xx_HAL_Driver/Src/stm32f4xx_hal_dma.o
 .debug_aranges
                0x00000598       0x58 Drivers/STM32F4xx_HAL_Driver/Src/stm32f4xx_hal_gpio.o
 .debug_aranges
                0x000005f0       0xf8 Drivers/STM32F4xx_HAL_Driver/Src/stm32f4xx_hal_hcd.o
 .debug_aranges
                0x000006e8      0x2a0 Drivers/STM32F4xx_HAL_Driver/Src/stm32f4xx_hal_i2c.o
 .debug_aranges
                0x00000988      0x108 Drivers/STM32F4xx_HAL_Driver/Src/stm32f4xx_hal_i2s.o
 .debug_aranges
                0x00000a90       0x88 Drivers/STM32F4xx_HAL_Driver/Src/stm32f4xx_hal_i2s_ex.o
 .debug_aranges
                0x00000b18       0x88 Drivers/STM32F4xx_HAL_Driver/Src/stm32f4xx_hal_rcc.o
 .debug_aranges
                0x00000ba0       0x48 Drivers/STM32F4xx_HAL_Driver/Src/stm32f4xx_hal_rcc_ex.o
 .debug_aranges
                0x00000be8      0x1d0 Drivers/STM32F4xx_HAL_Driver/Src/stm32f4xx_hal_spi.o
 .debug_aranges
                0x00000db8      0x3a8 Drivers/STM32F4xx_HAL_Driver/Src/stm32f4xx_hal_tim.o
 .debug_aranges
                0x00001160      0x150 Drivers/STM32F4xx_HAL_Driver/Src/stm32f4xx_hal_tim_ex.o
 .debug_aranges
                0x000012b0      0x1d0 Drivers/STM32F4xx_HAL_Driver/Src/stm32f4xx_hal_uart.o
 .debug_aranges
                0x00001480      0x198 Drivers/STM32F4xx_HAL_Driver/Src/stm32f4xx_ll_usb.o
 .debug_aranges
                0x00001618       0xa8 Middlewares/ST/STM32_USB_Host_Library/Class/CDC/Src/usbh_cdc.o
 .debug_aranges
                0x000016c0       0xc0 Middlewares/ST/STM32_USB_Host_Library/Core/Src/usbh_core.o
 .debug_aranges
                0x00001780       0xa0 Middlewares/ST/STM32_USB_Host_Library/Core/Src/usbh_ctlreq.o
 .debug_aranges
                0x00001820       0x60 Middlewares/ST/STM32_USB_Host_Library/Core/Src/usbh_ioreq.o
 .debug_aranges
                0x00001880       0x40 Middlewares/ST/STM32_USB_Host_Library/Core/Src/usbh_pipes.o
 .debug_aranges
                0x000018c0       0x30 USB_HOST/App/usb_host.o
 .debug_aranges
                0x000018f0       0xd8 USB_HOST/Target/usbh_conf.o
 .debug_aranges
                0x000019c8       0x20 USB_HOST/Target/usbh_platform.o
 .debug_aranges
                0x000019e8       0x28 startup/startup_stm32f407xx.o

.debug_ranges   0x00000000     0x1980
 .debug_ranges  0x00000000      0x178 Core/Src/VL53L0X.o
 .debug_ranges  0x00000178       0x18 Core/Src/i2c.o
 .debug_ranges  0x00000190       0x58 Core/Src/main.o
 .debug_ranges  0x000001e8       0x60 Core/Src/stm32f4xx_hal_msp.o
 .debug_ranges  0x00000248       0x78 Core/Src/stm32f4xx_it.o
 .debug_ranges  0x000002c0       0xa0 Core/Src/syscalls.o
 .debug_ranges  0x00000360       0x18 Core/Src/system_stm32f4xx.o
 .debug_ranges  0x00000378       0xe0 Drivers/STM32F4xx_HAL_Driver/Src/stm32f4xx_hal.o
 .debug_ranges  0x00000458       0xf8 Drivers/STM32F4xx_HAL_Driver/Src/stm32f4xx_hal_cortex.o
 .debug_ranges  0x00000550       0x80 Drivers/STM32F4xx_HAL_Driver/Src/stm32f4xx_hal_dma.o
 .debug_ranges  0x000005d0       0x48 Drivers/STM32F4xx_HAL_Driver/Src/stm32f4xx_hal_gpio.o
 .debug_ranges  0x00000618       0xe8 Drivers/STM32F4xx_HAL_Driver/Src/stm32f4xx_hal_hcd.o
 .debug_ranges  0x00000700      0x2b0 Drivers/STM32F4xx_HAL_Driver/Src/stm32f4xx_hal_i2c.o
 .debug_ranges  0x000009b0      0x128 Drivers/STM32F4xx_HAL_Driver/Src/stm32f4xx_hal_i2s.o
 .debug_ranges  0x00000ad8       0x90 Drivers/STM32F4xx_HAL_Driver/Src/stm32f4xx_hal_i2s_ex.o
 .debug_ranges  0x00000b68       0x90 Drivers/STM32F4xx_HAL_Driver/Src/stm32f4xx_hal_rcc.o
 .debug_ranges  0x00000bf8       0x38 Drivers/STM32F4xx_HAL_Driver/Src/stm32f4xx_hal_rcc_ex.o
 .debug_ranges  0x00000c30      0x1c0 Drivers/STM32F4xx_HAL_Driver/Src/stm32f4xx_hal_spi.o
 .debug_ranges  0x00000df0      0x398 Drivers/STM32F4xx_HAL_Driver/Src/stm32f4xx_hal_tim.o
 .debug_ranges  0x00001188      0x140 Drivers/STM32F4xx_HAL_Driver/Src/stm32f4xx_hal_tim_ex.o
 .debug_ranges  0x000012c8      0x1c0 Drivers/STM32F4xx_HAL_Driver/Src/stm32f4xx_hal_uart.o
 .debug_ranges  0x00001488      0x188 Drivers/STM32F4xx_HAL_Driver/Src/stm32f4xx_ll_usb.o
 .debug_ranges  0x00001610       0x98 Middlewares/ST/STM32_USB_Host_Library/Class/CDC/Src/usbh_cdc.o
 .debug_ranges  0x000016a8       0xb0 Middlewares/ST/STM32_USB_Host_Library/Core/Src/usbh_core.o
 .debug_ranges  0x00001758       0x90 Middlewares/ST/STM32_USB_Host_Library/Core/Src/usbh_ctlreq.o
 .debug_ranges  0x000017e8       0x50 Middlewares/ST/STM32_USB_Host_Library/Core/Src/usbh_ioreq.o
 .debug_ranges  0x00001838       0x30 Middlewares/ST/STM32_USB_Host_Library/Core/Src/usbh_pipes.o
 .debug_ranges  0x00001868       0x20 USB_HOST/App/usb_host.o
 .debug_ranges  0x00001888       0xc8 USB_HOST/Target/usbh_conf.o
 .debug_ranges  0x00001950       0x10 USB_HOST/Target/usbh_platform.o
 .debug_ranges  0x00001960       0x20 startup/startup_stm32f407xx.o

.debug_macro    0x00000000    0x26535
 .debug_macro   0x00000000      0x253 Core/Src/VL53L0X.o
 .debug_macro   0x00000253      0xa54 Core/Src/VL53L0X.o
 .debug_macro   0x00000ca7       0x22 Core/Src/VL53L0X.o
 .debug_macro   0x00000cc9       0x2e Core/Src/VL53L0X.o
 .debug_macro   0x00000cf7       0x2f Core/Src/VL53L0X.o
 .debug_macro   0x00000d26       0x22 Core/Src/VL53L0X.o
 .debug_macro   0x00000d48       0x8e Core/Src/VL53L0X.o